Archive member included because of file (symbol)

/usr/local/ps3dev/libpsl1ght/ppu/lib/librt.a(sbrk.o)
                              /usr/local/ps3dev/ppu/lib/gcc/powerpc64-ps3-elf/4.7.0/../../../../powerpc64-ps3-elf/lib/lv2-crt0.o (__librt_sbrk_r)
/usr/local/ps3dev/libpsl1ght/ppu/lib/librt.a(exit.o)
                              /usr/local/ps3dev/ppu/lib/gcc/powerpc64-ps3-elf/4.7.0/../../../../powerpc64-ps3-elf/lib/lv2-crt0.o (__librt_exit)
/usr/local/ps3dev/libpsl1ght/ppu/lib/librt.a(close.o)
                              /usr/local/ps3dev/ppu/lib/gcc/powerpc64-ps3-elf/4.7.0/../../../../powerpc64-ps3-elf/lib/lv2-crt0.o (__librt_close_r)
/usr/local/ps3dev/libpsl1ght/ppu/lib/librt.a(lseek.o)
                              /usr/local/ps3dev/ppu/lib/gcc/powerpc64-ps3-elf/4.7.0/../../../../powerpc64-ps3-elf/lib/lv2-crt0.o (__librt_lseek_r)
/usr/local/ps3dev/libpsl1ght/ppu/lib/librt.a(read.o)
                              /usr/local/ps3dev/ppu/lib/gcc/powerpc64-ps3-elf/4.7.0/../../../../powerpc64-ps3-elf/lib/lv2-crt0.o (__librt_read_r)
/usr/local/ps3dev/libpsl1ght/ppu/lib/librt.a(open.o)
                              /usr/local/ps3dev/ppu/lib/gcc/powerpc64-ps3-elf/4.7.0/../../../../powerpc64-ps3-elf/lib/lv2-crt0.o (__librt_open_r)
/usr/local/ps3dev/libpsl1ght/ppu/lib/librt.a(sleep.o)
                              /usr/local/ps3dev/ppu/lib/gcc/powerpc64-ps3-elf/4.7.0/../../../../powerpc64-ps3-elf/lib/lv2-crt0.o (__librt_usleep_r)
/usr/local/ps3dev/libpsl1ght/ppu/lib/librt.a(write.o)
                              /usr/local/ps3dev/ppu/lib/gcc/powerpc64-ps3-elf/4.7.0/../../../../powerpc64-ps3-elf/lib/lv2-crt0.o (__librt_write_r)
/usr/local/ps3dev/libpsl1ght/ppu/lib/librt.a(fstat.o)
                              /usr/local/ps3dev/ppu/lib/gcc/powerpc64-ps3-elf/4.7.0/../../../../powerpc64-ps3-elf/lib/lv2-crt0.o (__librt_fstat_r)
/usr/local/ps3dev/libpsl1ght/ppu/lib/librt.a(socket.o)
                              /usr/local/ps3dev/libpsl1ght/ppu/lib/librt.a(write.o) (send)
/usr/local/ps3dev/libpsl1ght/ppu/lib/librt.a(lock.o)
                              /usr/local/ps3dev/ppu/lib/gcc/powerpc64-ps3-elf/4.7.0/../../../../powerpc64-ps3-elf/lib/lv2-crt0.o (__librt_sys_lwmutex_create_r)
/usr/local/ps3dev/libpsl1ght/ppu/lib/librt.a(dirent.o)
                              /usr/local/ps3dev/ppu/lib/gcc/powerpc64-ps3-elf/4.7.0/../../../../powerpc64-ps3-elf/lib/lv2-crt0.o (__librt_opendir_r)
/usr/local/ps3dev/libpsl1ght/ppu/lib/librt.a(mkdir.o)
                              /usr/local/ps3dev/ppu/lib/gcc/powerpc64-ps3-elf/4.7.0/../../../../powerpc64-ps3-elf/lib/lv2-crt0.o (__librt_mkdir_r)
/usr/local/ps3dev/libpsl1ght/ppu/lib/librt.a(times.o)
                              /usr/local/ps3dev/ppu/lib/gcc/powerpc64-ps3-elf/4.7.0/../../../../powerpc64-ps3-elf/lib/lv2-crt0.o (__librt_times_r)
/usr/local/ps3dev/libpsl1ght/ppu/lib/librt.a(umask.o)
                              /usr/local/ps3dev/ppu/lib/gcc/powerpc64-ps3-elf/4.7.0/../../../../powerpc64-ps3-elf/lib/lv2-crt0.o (__librt_umask_r)
/usr/local/ps3dev/libpsl1ght/ppu/lib/librt.a(lv2errno.o)
                              /usr/local/ps3dev/libpsl1ght/ppu/lib/librt.a(socket.o) (lv2errno)
/usr/local/ps3dev/libpsl1ght/ppu/lib/librt.a(heap.o)
                              /usr/local/ps3dev/libpsl1ght/ppu/lib/librt.a(sbrk.o) (heapInit)
/usr/local/ps3dev/libpsl1ght/ppu/lib/librt.a(chmod.o)
                              /usr/local/ps3dev/ppu/lib/gcc/powerpc64-ps3-elf/4.7.0/../../../../powerpc64-ps3-elf/lib/lv2-crt0.o (__librt_chmod_r)
/usr/local/ps3dev/libpsl1ght/ppu/lib/librt.a(rmdir.o)
                              /usr/local/ps3dev/ppu/lib/gcc/powerpc64-ps3-elf/4.7.0/../../../../powerpc64-ps3-elf/lib/lv2-crt0.o (__librt_rmdir_r)
/usr/local/ps3dev/libpsl1ght/ppu/lib/librt.a(isatty.o)
                              /usr/local/ps3dev/ppu/lib/gcc/powerpc64-ps3-elf/4.7.0/../../../../powerpc64-ps3-elf/lib/lv2-crt0.o (__librt_isatty_r)
/usr/local/ps3dev/libpsl1ght/ppu/lib/librt.a(gettod.o)
                              /usr/local/ps3dev/ppu/lib/gcc/powerpc64-ps3-elf/4.7.0/../../../../powerpc64-ps3-elf/lib/lv2-crt0.o (__librt_gettod_r)
/usr/local/ps3dev/libpsl1ght/ppu/lib/librt.a(settod.o)
                              /usr/local/ps3dev/ppu/lib/gcc/powerpc64-ps3-elf/4.7.0/../../../../powerpc64-ps3-elf/lib/lv2-crt0.o (__librt_settod_r)
/usr/local/ps3dev/libpsl1ght/ppu/lib/liblv2.a(sprx.o)
                              /usr/local/ps3dev/libpsl1ght/ppu/lib/librt.a(sbrk.o) (sysSpinlockInitialize)
/usr/local/ps3dev/ppu/lib/gcc/powerpc64-ps3-elf/4.7.0/../../../../powerpc64-ps3-elf/lib/libsysbase.a(syscalls.o)
                              /usr/local/ps3dev/ppu/lib/gcc/powerpc64-ps3-elf/4.7.0/../../../../powerpc64-ps3-elf/lib/lv2-crt0.o (__syscalls)
/usr/local/ps3dev/ppu/lib/gcc/powerpc64-ps3-elf/4.7.0/../../../../powerpc64-ps3-elf/lib/libc.a(lib_a-errno.o)
                              /usr/local/ps3dev/libpsl1ght/ppu/lib/librt.a(socket.o) (__errno)
[...]
Memory Configuration

Name             Origin             Length             Attributes
*default*        0x0000000000000000 0xffffffffffffffff

Linker script and memory map

                0x0000000000010000                PROVIDE (__executable_start, 0x10000)
                0x0000000000010200                . = (0x10000 + SIZEOF_HEADERS)

.interp
 *(.interp)

.hash
 *(.hash)

.dynsym
 *(.dynsym)

.dynstr
 *(.dynstr)

.gnu.version
 *(.gnu.version)

.gnu.version_d
 *(.gnu.version_d)

.gnu.version_r
 *(.gnu.version_r)

.rel.dyn
 *(.rel.init)
 *(.rel.text .rel.text.* .rel.gnu.linkonce.t.*)
 *(.rel.fini)
 *(.rel.rodata .rel.rodata.* .rel.gnu.linkonce.r.*)
 *(.rel.data.rel.ro*)
 *(.rel.data .rel.data.* .rel.gnu.linkonce.d.*)
 *(.rel.tdata .rel.tdata.* .rel.gnu.linkonce.td.*)
 *(.rel.tbss .rel.tbss.* .rel.gnu.linkonce.tb.*)
 *(.rel.ctors)
 *(.rel.dtors)
 *(.rel.got)
 *(.rel.sdata .rel.sdata.* .rel.gnu.linkonce.s.*)
 *(.rel.sbss .rel.sbss.* .rel.gnu.linkonce.sb.*)
 *(.rel.sdata2 .rel.sdata2.* .rel.gnu.linkonce.s2.*)
 *(.rel.sbss2 .rel.sbss2.* .rel.gnu.linkonce.sb2.*)
 *(.rel.bss .rel.bss.* .rel.gnu.linkonce.b.*)

.rela.dyn       0x0000000000010200        0x0
 *(.rela.init)
 *(.rela.text .rela.text.* .rela.gnu.linkonce.t.*)
 *(.rela.fini)
 *(.rela.rodata .rela.rodata.* .rela.gnu.linkonce.r.*)
 *(.rela.data .rela.data.* .rela.gnu.linkonce.d.*)
 *(.rela.tdata .rela.tdata.* .rela.gnu.linkonce.td.*)
 *(.rela.tbss .rela.tbss.* .rela.gnu.linkonce.tb.*)
 *(.rela.ctors)
 *(.rela.dtors)
 *(.rela.got)
 *(.rela.toc)
 .rela.toc      0x0000000000000000        0x0 linker stubs
 *(.rela.sdata .rela.sdata.* .rela.gnu.linkonce.s.*)
 *(.rela.sbss .rela.sbss.* .rela.gnu.linkonce.sb.*)
 *(.rela.sdata2 .rela.sdata2.* .rela.gnu.linkonce.s2.*)
 *(.rela.sbss2 .rela.sbss2.* .rela.gnu.linkonce.sb2.*)
 *(.rela.bss .rela.bss.* .rela.gnu.linkonce.b.*)
 .rela.iplt     0x0000000000000000        0x0 linker stubs
 .rela.sys_proc_prx_param
                0x0000000000000000        0x0 linker stubs
 .rela.opd      0x0000000000000000        0x0 linker stubs

.rel.plt
 *(.rel.plt)

.rela.plt
 *(.rela.plt)

.rela.tocbss
 *(.rela.tocbss)

.init           0x0000000000010200       0x2c
 *(.init)
 .init          0x0000000000010200        0xc /usr/local/ps3dev/ppu/lib/gcc/powerpc64-ps3-elf/4.7.0/../../../../powerpc64-ps3-elf/lib/lv2-crti.o
                0x0000000000010200                ._init
 .init          0x000000000001020c        0x8 /usr/local/ps3dev/ppu/lib/gcc/powerpc64-ps3-elf/4.7.0/crtbegin.o
 .init          0x0000000000010214        0x8 /usr/local/ps3dev/ppu/lib/gcc/powerpc64-ps3-elf/4.7.0/crtend.o
 .init          0x000000000001021c       0x10 /usr/local/ps3dev/ppu/lib/gcc/powerpc64-ps3-elf/4.7.0/../../../../powerpc64-ps3-elf/lib/lv2-crtn.o

.text           0x0000000000010230    0x13834
 *(.text .stub .text.* .gnu.linkonce.t.*)
 .text          0x0000000000010230        0x0 /usr/local/ps3dev/ppu/lib/gcc/powerpc64-ps3-elf/4.7.0/../../../../powerpc64-ps3-elf/lib/lv2-crti.o
 .text          0x0000000000010230        0x0 /usr/local/ps3dev/ppu/lib/gcc/powerpc64-ps3-elf/4.7.0/crtbegin.o
 .text.deregister_tm_clones
                0x0000000000010230       0x5c /usr/local/ps3dev/ppu/lib/gcc/powerpc64-ps3-elf/4.7.0/crtbegin.o
 *fill*         0x000000000001028c        0x4 60000000
 .text.register_tm_clones
                0x0000000000010290       0x60 /usr/local/ps3dev/ppu/lib/gcc/powerpc64-ps3-elf/4.7.0/crtbegin.o
 .text.__do_global_dtors_aux
                0x00000000000102f0       0xcc /usr/local/ps3dev/ppu/lib/gcc/powerpc64-ps3-elf/4.7.0/crtbegin.o
 *fill*         0x00000000000103bc        0x4 60000000
 .text.frame_dummy
                0x00000000000103c0       0x70 /usr/local/ps3dev/ppu/lib/gcc/powerpc64-ps3-elf/4.7.0/crtbegin.o
 .text          0x0000000000010430       0x58 /usr/local/ps3dev/ppu/lib/gcc/powerpc64-ps3-elf/4.7.0/../../../../powerpc64-ps3-elf/lib/lv2-crt0.o
                0x0000000000010430                ._start
 .text.startup.__syscalls_init
                0x0000000000010488      0x12c /usr/local/ps3dev/ppu/lib/gcc/powerpc64-ps3-elf/4.7.0/../../../../powerpc64-ps3-elf/lib/lv2-crt0.o
 *fill*         0x00000000000105b4        0x4 60000000
 .text._initialize
                0x00000000000105b8       0x40 /usr/local/ps3dev/ppu/lib/gcc/powerpc64-ps3-elf/4.7.0/../../../../powerpc64-ps3-elf/lib/lv2-crt0.o
                0x00000000000105b8                ._initialize
 .text          0x00000000000105f8        0x0 /usr/local/ps3dev/ppu/lib/gcc/powerpc64-ps3-elf/4.7.0/../../../../powerpc64-ps3-elf/lib/lv2-sprx.o
 .text          0x00000000000105f8        0x0 /usr/local/ps3dev/libpsl1ght/ppu/lib/librt.a(sbrk.o)
 .text.startup.sbrk_init
                0x00000000000105f8       0xb4 /usr/local/ps3dev/libpsl1ght/ppu/lib/librt.a(sbrk.o)
 *fill*         0x00000000000106ac        0x4 60000000
 .text.sbrk_deinit
                0x00000000000106b0       0xc8 /usr/local/ps3dev/libpsl1ght/ppu/lib/librt.a(sbrk.o)
 .text.__librt_sbrk_r
                0x0000000000010778      0x29c /usr/local/ps3dev/libpsl1ght/ppu/lib/librt.a(sbrk.o)
                0x0000000000010778                .__librt_sbrk_r
 .text          0x0000000000010a14        0x0 /usr/local/ps3dev/libpsl1ght/ppu/lib/librt.a(exit.o)
 *fill*         0x0000000000010a14        0x4 60000000
 .text.__librt_exit
                0x0000000000010a18       0x30 /usr/local/ps3dev/libpsl1ght/ppu/lib/librt.a(exit.o)
                0x0000000000010a18                .__librt_exit
 .text          0x0000000000010a48        0x0 /usr/local/ps3dev/libpsl1ght/ppu/lib/librt.a(close.o)
 .text.__librt_close_r
                0x0000000000010a48       0x88 /usr/local/ps3dev/libpsl1ght/ppu/lib/librt.a(close.o)
                0x0000000000010a48                .__librt_close_r
 .text          0x0000000000010ad0        0x0 /usr/local/ps3dev/libpsl1ght/ppu/lib/librt.a(lseek.o)
 .text.__librt_lseek_r
                0x0000000000010ad0       0x8c /usr/local/ps3dev/libpsl1ght/ppu/lib/librt.a(lseek.o)
                0x0000000000010ad0                .__librt_lseek_r
 *fill*         0x0000000000010b5c        0x4 60000000
 .text.__librt_lseek64_r
                0x0000000000010b60       0x8c /usr/local/ps3dev/libpsl1ght/ppu/lib/librt.a(lseek.o)
                0x0000000000010b60                .__librt_lseek64_r
 .text          0x0000000000010bec        0x0 /usr/local/ps3dev/libpsl1ght/ppu/lib/librt.a(read.o)
 *fill*         0x0000000000010bec        0x4 60000000
 .text.__librt_read_r
                0x0000000000010bf0      0x110 /usr/local/ps3dev/libpsl1ght/ppu/lib/librt.a(read.o)
                0x0000000000010bf0                .__librt_read_r
 .text          0x0000000000010d00        0x0 /usr/local/ps3dev/libpsl1ght/ppu/lib/librt.a(open.o)
 .text.__librt_open_r
                0x0000000000010d00      0x180 /usr/local/ps3dev/libpsl1ght/ppu/lib/librt.a(open.o)
                0x0000000000010d00                .__librt_open_r
 .text          0x0000000000010e80        0x0 /usr/local/ps3dev/libpsl1ght/ppu/lib/librt.a(sleep.o)
 .text.__librt_usleep_r
                0x0000000000010e80       0x50 /usr/local/ps3dev/libpsl1ght/ppu/lib/librt.a(sleep.o)
                0x0000000000010e80                .__librt_usleep_r
 .text.__librt_sleep_r
                0x0000000000010ed0       0x8c /usr/local/ps3dev/libpsl1ght/ppu/lib/librt.a(sleep.o)
                0x0000000000010ed0                .__librt_sleep_r
 .text          0x0000000000010f5c        0x0 /usr/local/ps3dev/libpsl1ght/ppu/lib/librt.a(write.o)
 *fill*         0x0000000000010f5c        0x4 60000000
 .text.__librt_write_r
                0x0000000000010f60      0x124 /usr/local/ps3dev/libpsl1ght/ppu/lib/librt.a(write.o)
                0x0000000000010f60                .__librt_write_r
 .text          0x0000000000011084        0x0 /usr/local/ps3dev/libpsl1ght/ppu/lib/librt.a(fstat.o)
 *fill*         0x0000000000011084        0x4 60000000
 .text.convertLv2Stat
                0x0000000000011088      0x234 /usr/local/ps3dev/libpsl1ght/ppu/lib/librt.a(fstat.o)
 *fill*         0x00000000000112bc        0x4 60000000
 .text.__librt_fstat_r
                0x00000000000112c0       0x88 /usr/local/ps3dev/libpsl1ght/ppu/lib/librt.a(fstat.o)
                0x00000000000112c0                .__librt_fstat_r
 .text.__librt_fstat64_r
                0x0000000000011348       0x88 /usr/local/ps3dev/libpsl1ght/ppu/lib/librt.a(fstat.o)
                0x0000000000011348                .__librt_fstat64_r
 .text.__librt_stat_r
                0x00000000000113d0       0x88 /usr/local/ps3dev/libpsl1ght/ppu/lib/librt.a(fstat.o)
                0x00000000000113d0                .__librt_stat_r
 .text.__librt_stat64_r
                0x0000000000011458       0x88 /usr/local/ps3dev/libpsl1ght/ppu/lib/librt.a(fstat.o)
                0x0000000000011458                .__librt_stat64_r
 .text          0x00000000000114e0        0x0 /usr/local/ps3dev/libpsl1ght/ppu/lib/librt.a(socket.o)
 .text.accept   0x00000000000114e0       0xac /usr/local/ps3dev/libpsl1ght/ppu/lib/librt.a(socket.o)
                0x00000000000114e0                .accept
 *fill*         0x000000000001158c        0x4 60000000
 .text.bind     0x0000000000011590       0x48 /usr/local/ps3dev/libpsl1ght/ppu/lib/librt.a(socket.o)
                0x0000000000011590                .bind
 .text.connect  0x00000000000115d8       0x48 /usr/local/ps3dev/libpsl1ght/ppu/lib/librt.a(socket.o)
                0x00000000000115d8                .connect
 .text.listen   0x0000000000011620       0x48 /usr/local/ps3dev/libpsl1ght/ppu/lib/librt.a(socket.o)
                0x0000000000011620                .listen
 .text.socket   0x0000000000011668       0x54 /usr/local/ps3dev/libpsl1ght/ppu/lib/librt.a(socket.o)
                0x0000000000011668                .socket
 *fill*         0x00000000000116bc        0x4 60000000
 .text.send     0x00000000000116c0       0x50 /usr/local/ps3dev/libpsl1ght/ppu/lib/librt.a(socket.o)
                0x00000000000116c0                .send
 .text.sendto   0x0000000000011710       0x48 /usr/local/ps3dev/libpsl1ght/ppu/lib/librt.a(socket.o)
                0x0000000000011710                .sendto
 .text.recv     0x0000000000011758       0x50 /usr/local/ps3dev/libpsl1ght/ppu/lib/librt.a(socket.o)
                0x0000000000011758                .recv
 .text.recvfrom
                0x00000000000117a8       0xa0 /usr/local/ps3dev/libpsl1ght/ppu/lib/librt.a(socket.o)
                0x00000000000117a8                .recvfrom
 .text.shutdown
                0x0000000000011848       0x48 /usr/local/ps3dev/libpsl1ght/ppu/lib/librt.a(socket.o)
                0x0000000000011848                .shutdown
 .text.inet_aton
                0x0000000000011890       0xbc /usr/local/ps3dev/libpsl1ght/ppu/lib/librt.a(socket.o)
                0x0000000000011890                .inet_aton
 *fill*         0x000000000001194c        0x4 60000000
 .text.inet_pton
                0x0000000000011950       0x48 /usr/local/ps3dev/libpsl1ght/ppu/lib/librt.a(socket.o)
                0x0000000000011950                .inet_pton
 .text.select   0x0000000000011998       0x3c /usr/local/ps3dev/libpsl1ght/ppu/lib/librt.a(socket.o)
                0x0000000000011998                .select
 *fill*         0x00000000000119d4        0x4 60000000
 .text.closesocket
                0x00000000000119d8       0x48 /usr/local/ps3dev/libpsl1ght/ppu/lib/librt.a(socket.o)
                0x00000000000119d8                .closesocket
 .text          0x0000000000011a20        0x0 /usr/local/ps3dev/libpsl1ght/ppu/lib/librt.a(lock.o)
 .text.__librt_sys_lwmutex_create_r
                0x0000000000011a20       0x38 /usr/local/ps3dev/libpsl1ght/ppu/lib/librt.a(lock.o)
                0x0000000000011a20                .__librt_sys_lwmutex_create_r
 .text.__librt_sys_lwmutex_destroy_r
                0x0000000000011a58       0x34 /usr/local/ps3dev/libpsl1ght/ppu/lib/librt.a(lock.o)
                0x0000000000011a58                .__librt_sys_lwmutex_destroy_r
 *fill*         0x0000000000011a8c        0x4 60000000
 .text.__librt_sys_lwmutex_lock_r
                0x0000000000011a90       0x38 /usr/local/ps3dev/libpsl1ght/ppu/lib/librt.a(lock.o)
                0x0000000000011a90                .__librt_sys_lwmutex_lock_r
 .text.__librt_sys_lwmutex_trylock_r
                0x0000000000011ac8       0x34 /usr/local/ps3dev/libpsl1ght/ppu/lib/librt.a(lock.o)
                0x0000000000011ac8                .__librt_sys_lwmutex_trylock_r
 *fill*         0x0000000000011afc        0x4 60000000
 .text.__librt_sys_lwmutex_unlock_r
                0x0000000000011b00       0x34 /usr/local/ps3dev/libpsl1ght/ppu/lib/librt.a(lock.o)
                0x0000000000011b00                .__librt_sys_lwmutex_unlock_r
 .text          0x0000000000011b34        0x0 /usr/local/ps3dev/libpsl1ght/ppu/lib/librt.a(dirent.o)
 *fill*         0x0000000000011b34        0x4 60000000
 .text.readdir_i
                0x0000000000011b38      0x10c /usr/local/ps3dev/libpsl1ght/ppu/lib/librt.a(dirent.o)
 *fill*         0x0000000000011c44        0x4 60000000
 .text.__librt_opendir_r
                0x0000000000011c48      0x13c /usr/local/ps3dev/libpsl1ght/ppu/lib/librt.a(dirent.o)
                0x0000000000011c48                .__librt_opendir_r
 *fill*         0x0000000000011d84        0x4 60000000
 .text.__librt_readdir_r
                0x0000000000011d88       0x80 /usr/local/ps3dev/libpsl1ght/ppu/lib/librt.a(dirent.o)
                0x0000000000011d88                .__librt_readdir_r
 .text.__librt_readdir_r_r
                0x0000000000011e08       0x54 /usr/local/ps3dev/libpsl1ght/ppu/lib/librt.a(dirent.o)
                0x0000000000011e08                .__librt_readdir_r_r
 *fill*         0x0000000000011e5c        0x4 60000000
 .text.__librt_closedir_r
                0x0000000000011e60       0x84 /usr/local/ps3dev/libpsl1ght/ppu/lib/librt.a(dirent.o)
                0x0000000000011e60                .__librt_closedir_r
 *fill*         0x0000000000011ee4        0x4 60000000
 .text.__librt_telldir_r
                0x0000000000011ee8       0x2c /usr/local/ps3dev/libpsl1ght/ppu/lib/librt.a(dirent.o)
                0x0000000000011ee8                .__librt_telldir_r
 *fill*         0x0000000000011f14        0x4 60000000
 .text.__librt_rewinddir_r
                0x0000000000011f18       0x18 /usr/local/ps3dev/libpsl1ght/ppu/lib/librt.a(dirent.o)
                0x0000000000011f18                .__librt_rewinddir_r
 .text.__librt_seekdir_r
                0x0000000000011f30       0x18 /usr/local/ps3dev/libpsl1ght/ppu/lib/librt.a(dirent.o)
                0x0000000000011f30                .__librt_seekdir_r
 .text          0x0000000000011f48        0x0 /usr/local/ps3dev/libpsl1ght/ppu/lib/librt.a(mkdir.o)
 .text.__librt_mkdir_r
                0x0000000000011f48       0x60 /usr/local/ps3dev/libpsl1ght/ppu/lib/librt.a(mkdir.o)
                0x0000000000011f48                .__librt_mkdir_r
 .text          0x0000000000011fa8        0x0 /usr/local/ps3dev/libpsl1ght/ppu/lib/librt.a(times.o)
 .text.__librt_times_r
                0x0000000000011fa8       0x1c /usr/local/ps3dev/libpsl1ght/ppu/lib/librt.a(times.o)
                0x0000000000011fa8                .__librt_times_r
 .text          0x0000000000011fc4        0x0 /usr/local/ps3dev/libpsl1ght/ppu/lib/librt.a(umask.o)
 *fill*         0x0000000000011fc4        0x4 60000000
 .text.__librt_umask_r
                0x0000000000011fc8       0x20 /usr/local/ps3dev/libpsl1ght/ppu/lib/librt.a(umask.o)
                0x0000000000011fc8                .__librt_umask_r
 .text          0x0000000000011fe8        0x0 /usr/local/ps3dev/libpsl1ght/ppu/lib/librt.a(lv2errno.o)
 .text.lv2error
                0x0000000000011fe8      0x3f8 /usr/local/ps3dev/libpsl1ght/ppu/lib/librt.a(lv2errno.o)
                0x0000000000011fe8                .lv2error
 .text.lv2errno
                0x00000000000123e0       0x68 /usr/local/ps3dev/libpsl1ght/ppu/lib/librt.a(lv2errno.o)
                0x00000000000123e0                .lv2errno
 .text.lv2errno_r
                0x0000000000012448       0x58 /usr/local/ps3dev/libpsl1ght/ppu/lib/librt.a(lv2errno.o)
                0x0000000000012448                .lv2errno_r
 .text          0x00000000000124a0        0x0 /usr/local/ps3dev/libpsl1ght/ppu/lib/librt.a(heap.o)
 .text.heapInit
                0x00000000000124a0       0xe8 /usr/local/ps3dev/libpsl1ght/ppu/lib/librt.a(heap.o)
                0x00000000000124a0                .heapInit
 .text.heapAllocate
                0x0000000000012588      0x17c /usr/local/ps3dev/libpsl1ght/ppu/lib/librt.a(heap.o)
                0x0000000000012588                .heapAllocate
 *fill*         0x0000000000012704        0x4 60000000
 .text.heapAllocateAligned
                0x0000000000012708      0x21c /usr/local/ps3dev/libpsl1ght/ppu/lib/librt.a(heap.o)
                0x0000000000012708                .heapAllocateAligned
 *fill*         0x0000000000012924        0x4 60000000
 .text.heapFree
                0x0000000000012928      0x230 /usr/local/ps3dev/libpsl1ght/ppu/lib/librt.a(heap.o)
                0x0000000000012928                .heapFree
 .text          0x0000000000012b58        0x0 /usr/local/ps3dev/libpsl1ght/ppu/lib/librt.a(chmod.o)
 .text.__librt_chmod_r
                0x0000000000012b58       0x54 /usr/local/ps3dev/libpsl1ght/ppu/lib/librt.a(chmod.o)
                0x0000000000012b58                .__librt_chmod_r
 .text          0x0000000000012bac        0x0 /usr/local/ps3dev/libpsl1ght/ppu/lib/librt.a(rmdir.o)
 *fill*         0x0000000000012bac        0x4 60000000
 .text.__librt_rmdir_r
                0x0000000000012bb0       0x50 /usr/local/ps3dev/libpsl1ght/ppu/lib/librt.a(rmdir.o)
                0x0000000000012bb0                .__librt_rmdir_r
 .text          0x0000000000012c00        0x0 /usr/local/ps3dev/libpsl1ght/ppu/lib/librt.a(isatty.o)
 .text.__librt_isatty_r
                0x0000000000012c00       0x2c /usr/local/ps3dev/libpsl1ght/ppu/lib/librt.a(isatty.o)
                0x0000000000012c00                .__librt_isatty_r
 .text          0x0000000000012c2c        0x0 /usr/local/ps3dev/libpsl1ght/ppu/lib/librt.a(gettod.o)
 *fill*         0x0000000000012c2c        0x4 60000000
 .text.__librt_gettod_r
                0x0000000000012c30       0xb8 /usr/local/ps3dev/libpsl1ght/ppu/lib/librt.a(gettod.o)
                0x0000000000012c30                .__librt_gettod_r
 .text          0x0000000000012ce8        0x0 /usr/local/ps3dev/libpsl1ght/ppu/lib/librt.a(settod.o)
 .text.__librt_settod_r
                0x0000000000012ce8       0x58 /usr/local/ps3dev/libpsl1ght/ppu/lib/librt.a(settod.o)
                0x0000000000012ce8                .__librt_settod_r
 .text          0x0000000000012d40        0x0 /usr/local/ps3dev/libpsl1ght/ppu/lib/liblv2.a(sprx.o)
 .text          0x0000000000012d40        0x0 /usr/local/ps3dev/ppu/lib/gcc/powerpc64-ps3-elf/4.7.0/../../../../powerpc64-ps3-elf/lib/libsysbase.a(syscalls.o)
 .text          0x0000000000012d40        0x0 /usr/local/ps3dev/ppu/lib/gcc/powerpc64-ps3-elf/4.7.0/../../../../powerpc64-ps3-elf/lib/libc.a(lib_a-errno.o)
 .text.__errno  0x0000000000012d40       0x30 /usr/local/ps3dev/ppu/lib/gcc/powerpc64-ps3-elf/4.7.0/../../../../powerpc64-ps3-elf/lib/libc.a(lib_a-errno.o)
                0x0000000000012d40                .__errno
 .text          0x0000000000012d70        0x0 /usr/local/ps3dev/ppu/lib/gcc/powerpc64-ps3-elf/4.7.0/../../../../powerpc64-ps3-elf/lib/libc.a(lib_a-exit.o)
 .text.exit     0x0000000000012d70       0x68 /usr/local/ps3dev/ppu/lib/gcc/powerpc64-ps3-elf/4.7.0/../../../../powerpc64-ps3-elf/lib/libc.a(lib_a-exit.o)
                0x0000000000012d70                .exit
 .text          0x0000000000012dd8        0x0 /usr/local/ps3dev/ppu/lib/gcc/powerpc64-ps3-elf/4.7.0/../../../../powerpc64-ps3-elf/lib/libc.a(lib_a-getreent.o)
 .text.__getreent
                0x0000000000012dd8      0x1f0 /usr/local/ps3dev/ppu/lib/gcc/powerpc64-ps3-elf/4.7.0/../../../../powerpc64-ps3-elf/lib/libc.a(lib_a-getreent.o)
                0x0000000000012dd8                .__getreent
 .text          0x0000000000012fc8        0x0 /usr/local/ps3dev/ppu/lib/gcc/powerpc64-ps3-elf/4.7.0/../../../../powerpc64-ps3-elf/lib/libc.a(lib_a-impure.o)
 .text          0x0000000000012fc8        0x0 /usr/local/ps3dev/ppu/lib/gcc/powerpc64-ps3-elf/4.7.0/../../../../powerpc64-ps3-elf/lib/libc.a(lib_a-malloc.o)
 .text.malloc   0x0000000000012fc8       0x48 /usr/local/ps3dev/ppu/lib/gcc/powerpc64-ps3-elf/4.7.0/../../../../powerpc64-ps3-elf/lib/libc.a(lib_a-malloc.o)
                0x0000000000012fc8                .malloc
 .text.free     0x0000000000013010       0x48 /usr/local/ps3dev/ppu/lib/gcc/powerpc64-ps3-elf/4.7.0/../../../../powerpc64-ps3-elf/lib/libc.a(lib_a-malloc.o)
                0x0000000000013010                .free
 .text          0x0000000000013058        0x0 /usr/local/ps3dev/ppu/lib/gcc/powerpc64-ps3-elf/4.7.0/../../../../powerpc64-ps3-elf/lib/libc.a(lib_a-mallocr.o)
 .text._malloc_r
                0x0000000000013058      0xa10 /usr/local/ps3dev/ppu/lib/gcc/powerpc64-ps3-elf/4.7.0/../../../../powerpc64-ps3-elf/lib/libc.a(lib_a-mallocr.o)
                0x0000000000013058                ._malloc_r
 .text          0x0000000000013a68        0x0 /usr/local/ps3dev/ppu/lib/gcc/powerpc64-ps3-elf/4.7.0/../../../../powerpc64-ps3-elf/lib/libc.a(lib_a-memset.o)
 .text.memset   0x0000000000013a68      0x148 /usr/local/ps3dev/ppu/lib/gcc/powerpc64-ps3-elf/4.7.0/../../../../powerpc64-ps3-elf/lib/libc.a(lib_a-memset.o)
                0x0000000000013a68                .memset
 .text          0x0000000000013bb0        0x0 /usr/local/ps3dev/ppu/lib/gcc/powerpc64-ps3-elf/4.7.0/../../../../powerpc64-ps3-elf/lib/libc.a(lib_a-mlock.o)
 .text.__malloc_lock
                0x0000000000013bb0       0x34 /usr/local/ps3dev/ppu/lib/gcc/powerpc64-ps3-elf/4.7.0/../../../../powerpc64-ps3-elf/lib/libc.a(lib_a-mlock.o)
                0x0000000000013bb0                .__malloc_lock
 *fill*         0x0000000000013be4        0x4 60000000
 .text.__malloc_unlock
                0x0000000000013be8       0x34 /usr/local/ps3dev/ppu/lib/gcc/powerpc64-ps3-elf/4.7.0/../../../../powerpc64-ps3-elf/lib/libc.a(lib_a-mlock.o)
                0x0000000000013be8                .__malloc_unlock
 .text          0x0000000000013c1c        0x0 /usr/local/ps3dev/ppu/lib/gcc/powerpc64-ps3-elf/4.7.0/../../../../powerpc64-ps3-elf/lib/libc.a(lib_a-sscanf.o)
 *fill*         0x0000000000013c1c        0x4 60000000
 .text.sscanf   0x0000000000013c20       0xb0 /usr/local/ps3dev/ppu/lib/gcc/powerpc64-ps3-elf/4.7.0/../../../../powerpc64-ps3-elf/lib/libc.a(lib_a-sscanf.o)
                0x0000000000013c20                .sscanf
 .text._sscanf_r
                0x0000000000013cd0       0xb0 /usr/local/ps3dev/ppu/lib/gcc/powerpc64-ps3-elf/4.7.0/../../../../powerpc64-ps3-elf/lib/libc.a(lib_a-sscanf.o)
                0x0000000000013cd0                ._sscanf_r
 .text          0x0000000000013d80        0x0 /usr/local/ps3dev/ppu/lib/gcc/powerpc64-ps3-elf/4.7.0/../../../../powerpc64-ps3-elf/lib/libc.a(lib_a-stdio.o)
 .text.__sread  0x0000000000013d80       0x80 /usr/local/ps3dev/ppu/lib/gcc/powerpc64-ps3-elf/4.7.0/../../../../powerpc64-ps3-elf/lib/libc.a(lib_a-stdio.o)
                0x0000000000013d80                .__sread
 .text.__seofread
                0x0000000000013e00       0x14 /usr/local/ps3dev/ppu/lib/gcc/powerpc64-ps3-elf/4.7.0/../../../../powerpc64-ps3-elf/lib/libc.a(lib_a-stdio.o)
                0x0000000000013e00                .__seofread
 *fill*         0x0000000000013e14        0x4 60000000
 .text.__swrite
                0x0000000000013e18       0xb8 /usr/local/ps3dev/ppu/lib/gcc/powerpc64-ps3-elf/4.7.0/../../../../powerpc64-ps3-elf/lib/libc.a(lib_a-stdio.o)
                0x0000000000013e18                .__swrite
 .text.__sseek  0x0000000000013ed0       0x7c /usr/local/ps3dev/ppu/lib/gcc/powerpc64-ps3-elf/4.7.0/../../../../powerpc64-ps3-elf/lib/libc.a(lib_a-stdio.o)
                0x0000000000013ed0                .__sseek
 *fill*         0x0000000000013f4c        0x4 60000000
 .text.__sclose
                0x0000000000013f50       0x38 /usr/local/ps3dev/ppu/lib/gcc/powerpc64-ps3-elf/4.7.0/../../../../powerpc64-ps3-elf/lib/libc.a(lib_a-stdio.o)
                0x0000000000013f50                .__sclose
 .text          0x0000000000013f88        0x0 /usr/local/ps3dev/ppu/lib/gcc/powerpc64-ps3-elf/4.7.0/../../../../powerpc64-ps3-elf/lib/libc.a(lib_a-strlen.o)
 .text.strlen   0x0000000000013f88       0xd8 /usr/local/ps3dev/ppu/lib/gcc/powerpc64-ps3-elf/4.7.0/../../../../powerpc64-ps3-elf/lib/libc.a(lib_a-strlen.o)
                0x0000000000013f88                .strlen
 .text          0x0000000000014060        0x0 /usr/local/ps3dev/ppu/lib/gcc/powerpc64-ps3-elf/4.7.0/../../../../powerpc64-ps3-elf/lib/libc.a(lib_a-strncpy.o)
 .text.strncpy  0x0000000000014060      0x11c /usr/local/ps3dev/ppu/lib/gcc/powerpc64-ps3-elf/4.7.0/../../../../powerpc64-ps3-elf/lib/libc.a(lib_a-strncpy.o)
                0x0000000000014060                .strncpy
 .text          0x000000000001417c        0x0 /usr/local/ps3dev/ppu/lib/gcc/powerpc64-ps3-elf/4.7.0/../../../../powerpc64-ps3-elf/lib/libc.a(lib_a-svfscanf.o)
 *fill*         0x000000000001417c        0x4 60000000
 .text.__ssvfscanf_r
                0x0000000000014180     0x1800 /usr/local/ps3dev/ppu/lib/gcc/powerpc64-ps3-elf/4.7.0/../../../../powerpc64-ps3-elf/lib/libc.a(lib_a-svfscanf.o)
                0x0000000000014180                .__ssvfscanf_r
 .text          0x0000000000015980        0x0 /usr/local/ps3dev/ppu/lib/gcc/powerpc64-ps3-elf/4.7.0/../../../../powerpc64-ps3-elf/lib/libc.a(lib_a-__call_atexit.o)
 .text.__call_exitprocs
                0x0000000000015980      0x24c /usr/local/ps3dev/ppu/lib/gcc/powerpc64-ps3-elf/4.7.0/../../../../powerpc64-ps3-elf/lib/libc.a(lib_a-__call_atexit.o)
                0x0000000000015980                .__call_exitprocs
 .text          0x0000000000015bcc        0x0 /usr/local/ps3dev/ppu/lib/gcc/powerpc64-ps3-elf/4.7.0/../../../../powerpc64-ps3-elf/lib/libc.a(lib_a-ctype_.o)
 .text          0x0000000000015bcc        0x0 /usr/local/ps3dev/ppu/lib/gcc/powerpc64-ps3-elf/4.7.0/../../../../powerpc64-ps3-elf/lib/libc.a(lib_a-freer.o)
 *fill*         0x0000000000015bcc        0x4 60000000
 .text._malloc_trim_r
                0x0000000000015bd0      0x15c /usr/local/ps3dev/ppu/lib/gcc/powerpc64-ps3-elf/4.7.0/../../../../powerpc64-ps3-elf/lib/libc.a(lib_a-freer.o)
                0x0000000000015bd0                ._malloc_trim_r
 *fill*         0x0000000000015d2c        0x4 60000000
 .text._free_r  0x0000000000015d30      0x348 /usr/local/ps3dev/ppu/lib/gcc/powerpc64-ps3-elf/4.7.0/../../../../powerpc64-ps3-elf/lib/libc.a(lib_a-freer.o)
                0x0000000000015d30                ._free_r
 .text          0x0000000000016078        0x0 /usr/local/ps3dev/ppu/lib/gcc/powerpc64-ps3-elf/4.7.0/../../../../powerpc64-ps3-elf/lib/libc.a(lib_a-iswspace.o)
 .text.iswspace
                0x0000000000016078       0x3c /usr/local/ps3dev/ppu/lib/gcc/powerpc64-ps3-elf/4.7.0/../../../../powerpc64-ps3-elf/lib/libc.a(lib_a-iswspace.o)
                0x0000000000016078                .iswspace
 .text          0x00000000000160b4        0x0 /usr/local/ps3dev/ppu/lib/gcc/powerpc64-ps3-elf/4.7.0/../../../../powerpc64-ps3-elf/lib/libc.a(lib_a-locale.o)
 *fill*         0x00000000000160b4        0x4 60000000
 .text._setlocale_r
                0x00000000000160b8       0xb4 /usr/local/ps3dev/ppu/lib/gcc/powerpc64-ps3-elf/4.7.0/../../../../powerpc64-ps3-elf/lib/libc.a(lib_a-locale.o)
                0x00000000000160b8                ._setlocale_r
 *fill*         0x000000000001616c        0x4 60000000
 .text.__locale_charset
                0x0000000000016170       0x14 /usr/local/ps3dev/ppu/lib/gcc/powerpc64-ps3-elf/4.7.0/../../../../powerpc64-ps3-elf/lib/libc.a(lib_a-locale.o)
                0x0000000000016170                .__locale_charset
 *fill*         0x0000000000016184        0x4 60000000
 .text.__locale_mb_cur_max
                0x0000000000016188       0x1c /usr/local/ps3dev/ppu/lib/gcc/powerpc64-ps3-elf/4.7.0/../../../../powerpc64-ps3-elf/lib/libc.a(lib_a-locale.o)
                0x0000000000016188                .__locale_mb_cur_max
 *fill*         0x00000000000161a4        0x4 60000000
 .text.__locale_msgcharset
                0x00000000000161a8       0x14 /usr/local/ps3dev/ppu/lib/gcc/powerpc64-ps3-elf/4.7.0/../../../../powerpc64-ps3-elf/lib/libc.a(lib_a-locale.o)
                0x00000000000161a8                .__locale_msgcharset
 *fill*         0x00000000000161bc        0x4 60000000
 .text.__locale_cjk_lang
                0x00000000000161c0       0x14 /usr/local/ps3dev/ppu/lib/gcc/powerpc64-ps3-elf/4.7.0/../../../../powerpc64-ps3-elf/lib/libc.a(lib_a-locale.o)
                0x00000000000161c0                .__locale_cjk_lang
 *fill*         0x00000000000161d4        0x4 60000000
 .text._localeconv_r
                0x00000000000161d8       0x14 /usr/local/ps3dev/ppu/lib/gcc/powerpc64-ps3-elf/4.7.0/../../../../powerpc64-ps3-elf/lib/libc.a(lib_a-locale.o)
                0x00000000000161d8                ._localeconv_r
 *fill*         0x00000000000161ec        0x4 60000000
 .text.setlocale
                0x00000000000161f0       0x50 /usr/local/ps3dev/ppu/lib/gcc/powerpc64-ps3-elf/4.7.0/../../../../powerpc64-ps3-elf/lib/libc.a(lib_a-locale.o)
                0x00000000000161f0                .setlocale
 .text.localeconv
                0x0000000000016240       0x34 /usr/local/ps3dev/ppu/lib/gcc/powerpc64-ps3-elf/4.7.0/../../../../powerpc64-ps3-elf/lib/libc.a(lib_a-locale.o)
                0x0000000000016240                .localeconv
 .text          0x0000000000016274        0x0 /usr/local/ps3dev/ppu/lib/gcc/powerpc64-ps3-elf/4.7.0/../../../../powerpc64-ps3-elf/lib/libc.a(lib_a-lock_recursive.o)
 *fill*         0x0000000000016274        0x4 60000000
 .text.__libc_lock_init_recursive
                0x0000000000016278       0x34 /usr/local/ps3dev/ppu/lib/gcc/powerpc64-ps3-elf/4.7.0/../../../../powerpc64-ps3-elf/lib/libc.a(lib_a-lock_recursive.o)
                0x0000000000016278                .__libc_lock_init_recursive
 *fill*         0x00000000000162ac        0x4 60000000
 .text.__libc_lock_close_recursive
                0x00000000000162b0       0x30 /usr/local/ps3dev/ppu/lib/gcc/powerpc64-ps3-elf/4.7.0/../../../../powerpc64-ps3-elf/lib/libc.a(lib_a-lock_recursive.o)
                0x00000000000162b0                .__libc_lock_close_recursive
 .text.__libc_lock_acquire_recursive
                0x00000000000162e0       0x58 /usr/local/ps3dev/ppu/lib/gcc/powerpc64-ps3-elf/4.7.0/../../../../powerpc64-ps3-elf/lib/libc.a(lib_a-lock_recursive.o)
                0x00000000000162e0                .__libc_lock_acquire_recursive
 .text.__libc_lock_try_acquire_recursive
                0x0000000000016338       0x54 /usr/local/ps3dev/ppu/lib/gcc/powerpc64-ps3-elf/4.7.0/../../../../powerpc64-ps3-elf/lib/libc.a(lib_a-lock_recursive.o)
                0x0000000000016338                .__libc_lock_try_acquire_recursive
 *fill*         0x000000000001638c        0x4 60000000
 .text.__libc_lock_release_recursive
                0x0000000000016390       0x54 /usr/local/ps3dev/ppu/lib/gcc/powerpc64-ps3-elf/4.7.0/../../../../powerpc64-ps3-elf/lib/libc.a(lib_a-lock_recursive.o)
                0x0000000000016390                .__libc_lock_release_recursive
 .text          0x00000000000163e4        0x0 /usr/local/ps3dev/ppu/lib/gcc/powerpc64-ps3-elf/4.7.0/../../../../powerpc64-ps3-elf/lib/libc.a(lib_a-mbrtowc.o)
 *fill*         0x00000000000163e4        0x4 60000000
 .text._mbrtowc_r
                0x00000000000163e8      0x104 /usr/local/ps3dev/ppu/lib/gcc/powerpc64-ps3-elf/4.7.0/../../../../powerpc64-ps3-elf/lib/libc.a(lib_a-mbrtowc.o)
                0x00000000000163e8                ._mbrtowc_r
 *fill*         0x00000000000164ec        0x4 60000000
 .text.mbrtowc  0x00000000000164f0      0x170 /usr/local/ps3dev/ppu/lib/gcc/powerpc64-ps3-elf/4.7.0/../../../../powerpc64-ps3-elf/lib/libc.a(lib_a-mbrtowc.o)
                0x00000000000164f0                .mbrtowc
 .text          0x0000000000016660        0x0 /usr/local/ps3dev/ppu/lib/gcc/powerpc64-ps3-elf/4.7.0/../../../../powerpc64-ps3-elf/lib/libc.a(lib_a-mbtowc_r.o)
 .text.__ascii_mbtowc
                0x0000000000016660       0x5c /usr/local/ps3dev/ppu/lib/gcc/powerpc64-ps3-elf/4.7.0/../../../../powerpc64-ps3-elf/lib/libc.a(lib_a-mbtowc_r.o)
                0x0000000000016660                .__ascii_mbtowc
 *fill*         0x00000000000166bc        0x4 60000000
 .text._mbtowc_r
                0x00000000000166c0       0x98 /usr/local/ps3dev/ppu/lib/gcc/powerpc64-ps3-elf/4.7.0/../../../../powerpc64-ps3-elf/lib/libc.a(lib_a-mbtowc_r.o)
                0x00000000000166c0                ._mbtowc_r
 .text          0x0000000000016758        0x0 /usr/local/ps3dev/ppu/lib/gcc/powerpc64-ps3-elf/4.7.0/../../../../powerpc64-ps3-elf/lib/libc.a(lib_a-sccl.o)
 .text.__sccl   0x0000000000016758      0x120 /usr/local/ps3dev/ppu/lib/gcc/powerpc64-ps3-elf/4.7.0/../../../../powerpc64-ps3-elf/lib/libc.a(lib_a-sccl.o)
                0x0000000000016758                .__sccl
 .text          0x0000000000016878        0x0 /usr/local/ps3dev/ppu/lib/gcc/powerpc64-ps3-elf/4.7.0/../../../../powerpc64-ps3-elf/lib/libc.a(lib_a-sf_nan.o)
 .text.nanf     0x0000000000016878       0x18 /usr/local/ps3dev/ppu/lib/gcc/powerpc64-ps3-elf/4.7.0/../../../../powerpc64-ps3-elf/lib/libc.a(lib_a-sf_nan.o)
                0x0000000000016878                .nanf
 .text          0x0000000000016890        0x0 /usr/local/ps3dev/ppu/lib/gcc/powerpc64-ps3-elf/4.7.0/../../../../powerpc64-ps3-elf/lib/libc.a(lib_a-s_fpclassify.o)
 .text.__fpclassifyd
                0x0000000000016890       0xc0 /usr/local/ps3dev/ppu/lib/gcc/powerpc64-ps3-elf/4.7.0/../../../../powerpc64-ps3-elf/lib/libc.a(lib_a-s_fpclassify.o)
                0x0000000000016890                .__fpclassifyd
 .text          0x0000000000016950        0x0 /usr/local/ps3dev/ppu/lib/gcc/powerpc64-ps3-elf/4.7.0/../../../../powerpc64-ps3-elf/lib/libc.a(lib_a-sprintf.o)
 .text._sprintf_r
                0x0000000000016950       0x8c /usr/local/ps3dev/ppu/lib/gcc/powerpc64-ps3-elf/4.7.0/../../../../powerpc64-ps3-elf/lib/libc.a(lib_a-sprintf.o)
                0x0000000000016950                ._sprintf_r
 *fill*         0x00000000000169dc        0x4 60000000
 .text.sprintf  0x00000000000169e0       0xa4 /usr/local/ps3dev/ppu/lib/gcc/powerpc64-ps3-elf/4.7.0/../../../../powerpc64-ps3-elf/lib/libc.a(lib_a-sprintf.o)
                0x00000000000169e0                .sprintf
 .text          0x0000000000016a84        0x0 /usr/local/ps3dev/ppu/lib/gcc/powerpc64-ps3-elf/4.7.0/../../../../powerpc64-ps3-elf/lib/libc.a(lib_a-strcmp.o)
 *fill*         0x0000000000016a84        0x4 60000000
 .text.strcmp   0x0000000000016a88       0xe4 /usr/local/ps3dev/ppu/lib/gcc/powerpc64-ps3-elf/4.7.0/../../../../powerpc64-ps3-elf/lib/libc.a(lib_a-strcmp.o)
                0x0000000000016a88                .strcmp
 .text          0x0000000000016b6c        0x0 /usr/local/ps3dev/ppu/lib/gcc/powerpc64-ps3-elf/4.7.0/../../../../powerpc64-ps3-elf/lib/libc.a(lib_a-strtod.o)
 *fill*         0x0000000000016b6c        0x4 60000000
 .text._strtod_r
                0x0000000000016b70     0x15fc /usr/local/ps3dev/ppu/lib/gcc/powerpc64-ps3-elf/4.7.0/../../../../powerpc64-ps3-elf/lib/libc.a(lib_a-strtod.o)
                0x0000000000016b70                ._strtod_r
 *fill*         0x000000000001816c        0x4 60000000
 .text.strtod   0x0000000000018170       0x50 /usr/local/ps3dev/ppu/lib/gcc/powerpc64-ps3-elf/4.7.0/../../../../powerpc64-ps3-elf/lib/libc.a(lib_a-strtod.o)
                0x0000000000018170                .strtod
 .text.strtof   0x00000000000181c0       0x98 /usr/local/ps3dev/ppu/lib/gcc/powerpc64-ps3-elf/4.7.0/../../../../powerpc64-ps3-elf/lib/libc.a(lib_a-strtod.o)
                0x00000000000181c0                .strtof
 .text          0x0000000000018258        0x0 /usr/local/ps3dev/ppu/lib/gcc/powerpc64-ps3-elf/4.7.0/../../../../powerpc64-ps3-elf/lib/libc.a(lib_a-strtoll_r.o)
 .text._strtoll_r
                0x0000000000018258      0x264 /usr/local/ps3dev/ppu/lib/gcc/powerpc64-ps3-elf/4.7.0/../../../../powerpc64-ps3-elf/lib/libc.a(lib_a-strtoll_r.o)
                0x0000000000018258                ._strtoll_r
 .text          0x00000000000184bc        0x0 /usr/local/ps3dev/ppu/lib/gcc/powerpc64-ps3-elf/4.7.0/../../../../powerpc64-ps3-elf/lib/libc.a(lib_a-strtol.o)
 *fill*         0x00000000000184bc        0x4 60000000
 .text._strtol_r
                0x00000000000184c0      0x264 /usr/local/ps3dev/ppu/lib/gcc/powerpc64-ps3-elf/4.7.0/../../../../powerpc64-ps3-elf/lib/libc.a(lib_a-strtol.o)
                0x00000000000184c0                ._strtol_r
 *fill*         0x0000000000018724        0x4 60000000
 .text.strtol   0x0000000000018728       0x60 /usr/local/ps3dev/ppu/lib/gcc/powerpc64-ps3-elf/4.7.0/../../../../powerpc64-ps3-elf/lib/libc.a(lib_a-strtol.o)
                0x0000000000018728                .strtol
 .text          0x0000000000018788        0x0 /usr/local/ps3dev/ppu/lib/gcc/powerpc64-ps3-elf/4.7.0/../../../../powerpc64-ps3-elf/lib/libc.a(lib_a-strtoull_r.o)
 .text._strtoull_r
                0x0000000000018788      0x260 /usr/local/ps3dev/ppu/lib/gcc/powerpc64-ps3-elf/4.7.0/../../../../powerpc64-ps3-elf/lib/libc.a(lib_a-strtoull_r.o)
                0x0000000000018788                ._strtoull_r
 .text          0x00000000000189e8        0x0 /usr/local/ps3dev/ppu/lib/gcc/powerpc64-ps3-elf/4.7.0/../../../../powerpc64-ps3-elf/lib/libc.a(lib_a-strtoul.o)
 .text._strtoul_r
                0x00000000000189e8      0x260 /usr/local/ps3dev/ppu/lib/gcc/powerpc64-ps3-elf/4.7.0/../../../../powerpc64-ps3-elf/lib/libc.a(lib_a-strtoul.o)
                0x00000000000189e8                ._strtoul_r
 .text.strtoul  0x0000000000018c48       0x60 /usr/local/ps3dev/ppu/lib/gcc/powerpc64-ps3-elf/4.7.0/../../../../powerpc64-ps3-elf/lib/libc.a(lib_a-strtoul.o)
                0x0000000000018c48                .strtoul
 .text          0x0000000000018ca8        0x0 /usr/local/ps3dev/ppu/lib/gcc/powerpc64-ps3-elf/4.7.0/../../../../powerpc64-ps3-elf/lib/libc.a(lib_a-svfiscanf.o)
 .text._sungetc_r
                0x0000000000018ca8      0x140 /usr/local/ps3dev/ppu/lib/gcc/powerpc64-ps3-elf/4.7.0/../../../../powerpc64-ps3-elf/lib/libc.a(lib_a-svfiscanf.o)
                0x0000000000018ca8                ._sungetc_r
 .text.__ssrefill_r
                0x0000000000018de8       0xa0 /usr/local/ps3dev/ppu/lib/gcc/powerpc64-ps3-elf/4.7.0/../../../../powerpc64-ps3-elf/lib/libc.a(lib_a-svfiscanf.o)
                0x0000000000018de8                .__ssrefill_r
 .text._sfread_r
                0x0000000000018e88      0x190 /usr/local/ps3dev/ppu/lib/gcc/powerpc64-ps3-elf/4.7.0/../../../../powerpc64-ps3-elf/lib/libc.a(lib_a-svfiscanf.o)
                0x0000000000018e88                ._sfread_r
 .text.__ssvfiscanf_r
                0x0000000000019018     0x115c /usr/local/ps3dev/ppu/lib/gcc/powerpc64-ps3-elf/4.7.0/../../../../powerpc64-ps3-elf/lib/libc.a(lib_a-svfiscanf.o)
                0x0000000000019018                .__ssvfiscanf_r
 .text          0x000000000001a174        0x0 /usr/local/ps3dev/ppu/lib/gcc/powerpc64-ps3-elf/4.7.0/../../../../powerpc64-ps3-elf/lib/libc.a(lib_a-svfprintf.o)
 *fill*         0x000000000001a174        0x4 60000000
 .text._svfprintf_r
                0x000000000001a178     0x1fd4 /usr/local/ps3dev/ppu/lib/gcc/powerpc64-ps3-elf/4.7.0/../../../../powerpc64-ps3-elf/lib/libc.a(lib_a-svfprintf.o)
                0x000000000001a178                ._svfprintf_r
 .text          0x000000000001c14c        0x0 /usr/local/ps3dev/ppu/lib/gcc/powerpc64-ps3-elf/4.7.0/../../../../powerpc64-ps3-elf/lib/libc.a(lib_a-ungetc.o)
 *fill*         0x000000000001c14c        0x4 60000000
 .text.__submore
                0x000000000001c150      0x124 /usr/local/ps3dev/ppu/lib/gcc/powerpc64-ps3-elf/4.7.0/../../../../powerpc64-ps3-elf/lib/libc.a(lib_a-ungetc.o)
                0x000000000001c150                .__submore
 *fill*         0x000000000001c274        0x4 60000000
 .text._ungetc_r
                0x000000000001c278      0x310 /usr/local/ps3dev/ppu/lib/gcc/powerpc64-ps3-elf/4.7.0/../../../../powerpc64-ps3-elf/lib/libc.a(lib_a-ungetc.o)
                0x000000000001c278                ._ungetc_r
 .text.ungetc   0x000000000001c588       0x50 /usr/local/ps3dev/ppu/lib/gcc/powerpc64-ps3-elf/4.7.0/../../../../powerpc64-ps3-elf/lib/libc.a(lib_a-ungetc.o)
                0x000000000001c588                .ungetc
 .text          0x000000000001c5d8        0x0 /usr/local/ps3dev/ppu/lib/gcc/powerpc64-ps3-elf/4.7.0/../../../../powerpc64-ps3-elf/lib/libc.a(lib_a-__atexit.o)
 .text.__register_exitproc
                0x000000000001c5d8      0x1b8 /usr/local/ps3dev/ppu/lib/gcc/powerpc64-ps3-elf/4.7.0/../../../../powerpc64-ps3-elf/lib/libc.a(lib_a-__atexit.o)
                0x000000000001c5d8                .__register_exitproc
 .text          0x000000000001c790        0x0 /usr/local/ps3dev/ppu/lib/gcc/powerpc64-ps3-elf/4.7.0/../../../../powerpc64-ps3-elf/lib/libc.a(lib_a-dtoa.o)
 .text.quorem   0x000000000001c790      0x258 /usr/local/ps3dev/ppu/lib/gcc/powerpc64-ps3-elf/4.7.0/../../../../powerpc64-ps3-elf/lib/libc.a(lib_a-dtoa.o)
 .text._dtoa_r  0x000000000001c9e8     0x1350 /usr/local/ps3dev/ppu/lib/gcc/powerpc64-ps3-elf/4.7.0/../../../../powerpc64-ps3-elf/lib/libc.a(lib_a-dtoa.o)
                0x000000000001c9e8                ._dtoa_r
 .text          0x000000000001dd38        0x0 /usr/local/ps3dev/ppu/lib/gcc/powerpc64-ps3-elf/4.7.0/../../../../powerpc64-ps3-elf/lib/libc.a(lib_a-fflush.o)
 .text.__sflush_r
                0x000000000001dd38      0x360 /usr/local/ps3dev/ppu/lib/gcc/powerpc64-ps3-elf/4.7.0/../../../../powerpc64-ps3-elf/lib/libc.a(lib_a-fflush.o)
                0x000000000001dd38                .__sflush_r
 .text._fflush_r
                0x000000000001e098      0x120 /usr/local/ps3dev/ppu/lib/gcc/powerpc64-ps3-elf/4.7.0/../../../../powerpc64-ps3-elf/lib/libc.a(lib_a-fflush.o)
                0x000000000001e098                ._fflush_r
 .text.fflush   0x000000000001e1b8       0x74 /usr/local/ps3dev/ppu/lib/gcc/powerpc64-ps3-elf/4.7.0/../../../../powerpc64-ps3-elf/lib/libc.a(lib_a-fflush.o)
                0x000000000001e1b8                .fflush
 .text          0x000000000001e22c        0x0 /usr/local/ps3dev/ppu/lib/gcc/powerpc64-ps3-elf/4.7.0/../../../../powerpc64-ps3-elf/lib/libc.a(lib_a-findfp.o)
 *fill*         0x000000000001e22c        0x4 60000000
 .text._cleanup_r
                0x000000000001e230       0x34 /usr/local/ps3dev/ppu/lib/gcc/powerpc64-ps3-elf/4.7.0/../../../../powerpc64-ps3-elf/lib/libc.a(lib_a-findfp.o)
                0x000000000001e230                ._cleanup_r
 *fill*         0x000000000001e264        0x4 60000000
 .text.__fp_unlock
                0x000000000001e268       0x58 /usr/local/ps3dev/ppu/lib/gcc/powerpc64-ps3-elf/4.7.0/../../../../powerpc64-ps3-elf/lib/libc.a(lib_a-findfp.o)
 .text.__fp_lock
                0x000000000001e2c0       0x58 /usr/local/ps3dev/ppu/lib/gcc/powerpc64-ps3-elf/4.7.0/../../../../powerpc64-ps3-elf/lib/libc.a(lib_a-findfp.o)
 .text.std.isra.0
                0x000000000001e318       0xa0 /usr/local/ps3dev/ppu/lib/gcc/powerpc64-ps3-elf/4.7.0/../../../../powerpc64-ps3-elf/lib/libc.a(lib_a-findfp.o)
 .text.__sfmoreglue
                0x000000000001e3b8       0x94 /usr/local/ps3dev/ppu/lib/gcc/powerpc64-ps3-elf/4.7.0/../../../../powerpc64-ps3-elf/lib/libc.a(lib_a-findfp.o)
                0x000000000001e3b8                .__sfmoreglue
 *fill*         0x000000000001e44c        0x4 60000000
 .text._cleanup
                0x000000000001e450       0x18 /usr/local/ps3dev/ppu/lib/gcc/powerpc64-ps3-elf/4.7.0/../../../../powerpc64-ps3-elf/lib/libc.a(lib_a-findfp.o)
                0x000000000001e450                ._cleanup
 .text.__sfp_lock_acquire
                0x000000000001e468       0x34 /usr/local/ps3dev/ppu/lib/gcc/powerpc64-ps3-elf/4.7.0/../../../../powerpc64-ps3-elf/lib/libc.a(lib_a-findfp.o)
                0x000000000001e468                .__sfp_lock_acquire
 *fill*         0x000000000001e49c        0x4 60000000
 .text.__sfp_lock_release
                0x000000000001e4a0       0x34 /usr/local/ps3dev/ppu/lib/gcc/powerpc64-ps3-elf/4.7.0/../../../../powerpc64-ps3-elf/lib/libc.a(lib_a-findfp.o)
                0x000000000001e4a0                .__sfp_lock_release
 *fill*         0x000000000001e4d4        0x4 60000000
 .text.__sinit_lock_acquire
                0x000000000001e4d8       0x34 /usr/local/ps3dev/ppu/lib/gcc/powerpc64-ps3-elf/4.7.0/../../../../powerpc64-ps3-elf/lib/libc.a(lib_a-findfp.o)
                0x000000000001e4d8                .__sinit_lock_acquire
 *fill*         0x000000000001e50c        0x4 60000000
 .text.__sinit_lock_release
                0x000000000001e510       0x34 /usr/local/ps3dev/ppu/lib/gcc/powerpc64-ps3-elf/4.7.0/../../../../powerpc64-ps3-elf/lib/libc.a(lib_a-findfp.o)
                0x000000000001e510                .__sinit_lock_release
 *fill*         0x000000000001e544        0x4 60000000
 .text.__sinit  0x000000000001e548       0x9c /usr/local/ps3dev/ppu/lib/gcc/powerpc64-ps3-elf/4.7.0/../../../../powerpc64-ps3-elf/lib/libc.a(lib_a-findfp.o)
                0x000000000001e548                .__sinit
 *fill*         0x000000000001e5e4        0x4 60000000
 .text.__sfp    0x000000000001e5e8      0x16c /usr/local/ps3dev/ppu/lib/gcc/powerpc64-ps3-elf/4.7.0/../../../../powerpc64-ps3-elf/lib/libc.a(lib_a-findfp.o)
                0x000000000001e5e8                .__sfp
 *fill*         0x000000000001e754        0x4 60000000
 .text.__fp_lock_all
                0x000000000001e758       0x40 /usr/local/ps3dev/ppu/lib/gcc/powerpc64-ps3-elf/4.7.0/../../../../powerpc64-ps3-elf/lib/libc.a(lib_a-findfp.o)
                0x000000000001e758                .__fp_lock_all
 .text.__fp_unlock_all
                0x000000000001e798       0x3c /usr/local/ps3dev/ppu/lib/gcc/powerpc64-ps3-elf/4.7.0/../../../../powerpc64-ps3-elf/lib/libc.a(lib_a-findfp.o)
                0x000000000001e798                .__fp_unlock_all
 .text          0x000000000001e7d4        0x0 /usr/local/ps3dev/ppu/lib/gcc/powerpc64-ps3-elf/4.7.0/../../../../powerpc64-ps3-elf/lib/libc.a(lib_a-fwalk.o)
 *fill*         0x000000000001e7d4        0x4 60000000
 .text._fwalk   0x000000000001e7d8      0x120 /usr/local/ps3dev/ppu/lib/gcc/powerpc64-ps3-elf/4.7.0/../../../../powerpc64-ps3-elf/lib/libc.a(lib_a-fwalk.o)
                0x000000000001e7d8                ._fwalk
 .text._fwalk_reent
                0x000000000001e8f8      0x130 /usr/local/ps3dev/ppu/lib/gcc/powerpc64-ps3-elf/4.7.0/../../../../powerpc64-ps3-elf/lib/libc.a(lib_a-fwalk.o)
                0x000000000001e8f8                ._fwalk_reent
 .text          0x000000000001ea28        0x0 /usr/local/ps3dev/ppu/lib/gcc/powerpc64-ps3-elf/4.7.0/../../../../powerpc64-ps3-elf/lib/libc.a(lib_a-gdtoa-gethex.o)
 .text.rshift   0x000000000001ea28      0x158 /usr/local/ps3dev/ppu/lib/gcc/powerpc64-ps3-elf/4.7.0/../../../../powerpc64-ps3-elf/lib/libc.a(lib_a-gdtoa-gethex.o)
 .text.__hexdig_init
                0x000000000001eb80       0x88 /usr/local/ps3dev/ppu/lib/gcc/powerpc64-ps3-elf/4.7.0/../../../../powerpc64-ps3-elf/lib/libc.a(lib_a-gdtoa-gethex.o)
                0x000000000001eb80                .__hexdig_init
 .text.__gethex
                0x000000000001ec08      0x954 /usr/local/ps3dev/ppu/lib/gcc/powerpc64-ps3-elf/4.7.0/../../../../powerpc64-ps3-elf/lib/libc.a(lib_a-gdtoa-gethex.o)
                0x000000000001ec08                .__gethex
 .text          0x000000000001f55c        0x0 /usr/local/ps3dev/ppu/lib/gcc/powerpc64-ps3-elf/4.7.0/../../../../powerpc64-ps3-elf/lib/libc.a(lib_a-gdtoa-hexnan.o)
 *fill*         0x000000000001f55c        0x4 60000000
 .text.__hexnan
                0x000000000001f560      0x374 /usr/local/ps3dev/ppu/lib/gcc/powerpc64-ps3-elf/4.7.0/../../../../powerpc64-ps3-elf/lib/libc.a(lib_a-gdtoa-hexnan.o)
                0x000000000001f560                .__hexnan
 .text          0x000000000001f8d4        0x0 /usr/local/ps3dev/ppu/lib/gcc/powerpc64-ps3-elf/4.7.0/../../../../powerpc64-ps3-elf/lib/libc.a(lib_a-lock_internal.o)
 *fill*         0x000000000001f8d4        0x4 60000000
 .text.startup.init_metalock
                0x000000000001f8d8       0x48 /usr/local/ps3dev/ppu/lib/gcc/powerpc64-ps3-elf/4.7.0/../../../../powerpc64-ps3-elf/lib/libc.a(lib_a-lock_internal.o)
 .text.__libc_auto_lock_allocate
                0x000000000001f920       0x9c /usr/local/ps3dev/ppu/lib/gcc/powerpc64-ps3-elf/4.7.0/../../../../powerpc64-ps3-elf/lib/libc.a(lib_a-lock_internal.o)
                0x000000000001f920                .__libc_auto_lock_allocate
 .text          0x000000000001f9bc        0x0 /usr/local/ps3dev/ppu/lib/gcc/powerpc64-ps3-elf/4.7.0/../../../../powerpc64-ps3-elf/lib/libc.a(lib_a-memchr.o)
 *fill*         0x000000000001f9bc        0x4 60000000
 .text.memchr   0x000000000001f9c0      0x130 /usr/local/ps3dev/ppu/lib/gcc/powerpc64-ps3-elf/4.7.0/../../../../powerpc64-ps3-elf/lib/libc.a(lib_a-memchr.o)
                0x000000000001f9c0                .memchr
 .text          0x000000000001faf0        0x0 /usr/local/ps3dev/ppu/lib/gcc/powerpc64-ps3-elf/4.7.0/../../../../powerpc64-ps3-elf/lib/libc.a(lib_a-memcpy.o)
 .text.memcpy   0x000000000001faf0      0x108 /usr/local/ps3dev/ppu/lib/gcc/powerpc64-ps3-elf/4.7.0/../../../../powerpc64-ps3-elf/lib/libc.a(lib_a-memcpy.o)
                0x000000000001faf0                .memcpy
 .text          0x000000000001fbf8        0x0 /usr/local/ps3dev/ppu/lib/gcc/powerpc64-ps3-elf/4.7.0/../../../../powerpc64-ps3-elf/lib/libc.a(lib_a-mprec.o)
 .text._Balloc  0x000000000001fbf8       0xd8 /usr/local/ps3dev/ppu/lib/gcc/powerpc64-ps3-elf/4.7.0/../../../../powerpc64-ps3-elf/lib/libc.a(lib_a-mprec.o)
                0x000000000001fbf8                ._Balloc
 .text._Bfree   0x000000000001fcd0       0x34 /usr/local/ps3dev/ppu/lib/gcc/powerpc64-ps3-elf/4.7.0/../../../../powerpc64-ps3-elf/lib/libc.a(lib_a-mprec.o)
                0x000000000001fcd0                ._Bfree
 *fill*         0x000000000001fd04        0x4 60000000
 .text.__multadd
                0x000000000001fd08      0x16c /usr/local/ps3dev/ppu/lib/gcc/powerpc64-ps3-elf/4.7.0/../../../../powerpc64-ps3-elf/lib/libc.a(lib_a-mprec.o)
                0x000000000001fd08                .__multadd
 *fill*         0x000000000001fe74        0x4 60000000
 .text.__s2b    0x000000000001fe78      0x180 /usr/local/ps3dev/ppu/lib/gcc/powerpc64-ps3-elf/4.7.0/../../../../powerpc64-ps3-elf/lib/libc.a(lib_a-mprec.o)
                0x000000000001fe78                .__s2b
 .text.__hi0bits
                0x000000000001fff8       0x98 /usr/local/ps3dev/ppu/lib/gcc/powerpc64-ps3-elf/4.7.0/../../../../powerpc64-ps3-elf/lib/libc.a(lib_a-mprec.o)
                0x000000000001fff8                .__hi0bits
 .text.__lo0bits
                0x0000000000020090       0xec /usr/local/ps3dev/ppu/lib/gcc/powerpc64-ps3-elf/4.7.0/../../../../powerpc64-ps3-elf/lib/libc.a(lib_a-mprec.o)
                0x0000000000020090                .__lo0bits
 *fill*         0x000000000002017c        0x4 60000000
 .text.__i2b    0x0000000000020180       0x48 /usr/local/ps3dev/ppu/lib/gcc/powerpc64-ps3-elf/4.7.0/../../../../powerpc64-ps3-elf/lib/libc.a(lib_a-mprec.o)
                0x0000000000020180                .__i2b
 .text.__multiply
                0x00000000000201c8      0x28c /usr/local/ps3dev/ppu/lib/gcc/powerpc64-ps3-elf/4.7.0/../../../../powerpc64-ps3-elf/lib/libc.a(lib_a-mprec.o)
                0x00000000000201c8                .__multiply
 *fill*         0x0000000000020454        0x4 60000000
 .text.__pow5mult
                0x0000000000020458      0x15c /usr/local/ps3dev/ppu/lib/gcc/powerpc64-ps3-elf/4.7.0/../../../../powerpc64-ps3-elf/lib/libc.a(lib_a-mprec.o)
                0x0000000000020458                .__pow5mult
 *fill*         0x00000000000205b4        0x4 60000000
 .text.__lshift
                0x00000000000205b8      0x1c4 /usr/local/ps3dev/ppu/lib/gcc/powerpc64-ps3-elf/4.7.0/../../../../powerpc64-ps3-elf/lib/libc.a(lib_a-mprec.o)
                0x00000000000205b8                .__lshift
 *fill*         0x000000000002077c        0x4 60000000
 .text.__mcmp   0x0000000000020780       0x84 /usr/local/ps3dev/ppu/lib/gcc/powerpc64-ps3-elf/4.7.0/../../../../powerpc64-ps3-elf/lib/libc.a(lib_a-mprec.o)
                0x0000000000020780                .__mcmp
 *fill*         0x0000000000020804        0x4 60000000
 .text.__mdiff  0x0000000000020808      0x1fc /usr/local/ps3dev/ppu/lib/gcc/powerpc64-ps3-elf/4.7.0/../../../../powerpc64-ps3-elf/lib/libc.a(lib_a-mprec.o)
                0x0000000000020808                .__mdiff
 *fill*         0x0000000000020a04        0x4 60000000
 .text.__ulp    0x0000000000020a08       0xb0 /usr/local/ps3dev/ppu/lib/gcc/powerpc64-ps3-elf/4.7.0/../../../../powerpc64-ps3-elf/lib/libc.a(lib_a-mprec.o)
                0x0000000000020a08                .__ulp
 .text.__b2d    0x0000000000020ab8      0x1a0 /usr/local/ps3dev/ppu/lib/gcc/powerpc64-ps3-elf/4.7.0/../../../../powerpc64-ps3-elf/lib/libc.a(lib_a-mprec.o)
                0x0000000000020ab8                .__b2d
 .text.__d2b    0x0000000000020c58      0x1a4 /usr/local/ps3dev/ppu/lib/gcc/powerpc64-ps3-elf/4.7.0/../../../../powerpc64-ps3-elf/lib/libc.a(lib_a-mprec.o)
                0x0000000000020c58                .__d2b
 *fill*         0x0000000000020dfc        0x4 60000000
 .text.__ratio  0x0000000000020e00       0xf8 /usr/local/ps3dev/ppu/lib/gcc/powerpc64-ps3-elf/4.7.0/../../../../powerpc64-ps3-elf/lib/libc.a(lib_a-mprec.o)
                0x0000000000020e00                .__ratio
 .text._mprec_log10
                0x0000000000020ef8       0x54 /usr/local/ps3dev/ppu/lib/gcc/powerpc64-ps3-elf/4.7.0/../../../../powerpc64-ps3-elf/lib/libc.a(lib_a-mprec.o)
                0x0000000000020ef8                ._mprec_log10
 *fill*         0x0000000000020f4c        0x4 60000000
 .text.__copybits
                0x0000000000020f50       0x98 /usr/local/ps3dev/ppu/lib/gcc/powerpc64-ps3-elf/4.7.0/../../../../powerpc64-ps3-elf/lib/libc.a(lib_a-mprec.o)
                0x0000000000020f50                .__copybits
 .text.__any_on
                0x0000000000020fe8       0xcc /usr/local/ps3dev/ppu/lib/gcc/powerpc64-ps3-elf/4.7.0/../../../../powerpc64-ps3-elf/lib/libc.a(lib_a-mprec.o)
                0x0000000000020fe8                .__any_on
 .text          0x00000000000210b4        0x0 /usr/local/ps3dev/ppu/lib/gcc/powerpc64-ps3-elf/4.7.0/../../../../powerpc64-ps3-elf/lib/libc.a(lib_a-reallocr.o)
 *fill*         0x00000000000210b4        0x4 60000000
 .text._realloc_r
                0x00000000000210b8      0x70c /usr/local/ps3dev/ppu/lib/gcc/powerpc64-ps3-elf/4.7.0/../../../../powerpc64-ps3-elf/lib/libc.a(lib_a-reallocr.o)
                0x00000000000210b8                ._realloc_r
 .text          0x00000000000217c4        0x0 /usr/local/ps3dev/ppu/lib/gcc/powerpc64-ps3-elf/4.7.0/../../../../powerpc64-ps3-elf/lib/libc.a(lib_a-strncmp.o)
 *fill*         0x00000000000217c4        0x4 60000000
 .text.strncmp  0x00000000000217c8      0x168 /usr/local/ps3dev/ppu/lib/gcc/powerpc64-ps3-elf/4.7.0/../../../../powerpc64-ps3-elf/lib/libc.a(lib_a-strncmp.o)
                0x00000000000217c8                .strncmp
 .text          0x0000000000021930        0x0 /usr/local/ps3dev/ppu/lib/gcc/powerpc64-ps3-elf/4.7.0/../../../../powerpc64-ps3-elf/lib/libc.a(lib_a-svfiprintf.o)
 .text.__ssprint_r
                0x0000000000021930      0x2e8 /usr/local/ps3dev/ppu/lib/gcc/powerpc64-ps3-elf/4.7.0/../../../../powerpc64-ps3-elf/lib/libc.a(lib_a-svfiprintf.o)
                0x0000000000021930                .__ssprint_r
 .text._svfiprintf_r
                0x0000000000021c18      0xfa4 /usr/local/ps3dev/ppu/lib/gcc/powerpc64-ps3-elf/4.7.0/../../../../powerpc64-ps3-elf/lib/libc.a(lib_a-svfiprintf.o)
                0x0000000000021c18                ._svfiprintf_r
 .text          0x0000000000022bbc        0x0 /usr/local/ps3dev/ppu/lib/gcc/powerpc64-ps3-elf/4.7.0/../../../../powerpc64-ps3-elf/lib/libc.a(lib_a-abort.o)
 *fill*         0x0000000000022bbc        0x4 60000000
 .text.abort    0x0000000000022bc0       0x30 /usr/local/ps3dev/ppu/lib/gcc/powerpc64-ps3-elf/4.7.0/../../../../powerpc64-ps3-elf/lib/libc.a(lib_a-abort.o)
                0x0000000000022bc0                .abort
 .text          0x0000000000022bf0        0x0 /usr/local/ps3dev/ppu/lib/gcc/powerpc64-ps3-elf/4.7.0/../../../../powerpc64-ps3-elf/lib/libc.a(lib_a-callocr.o)
 .text._calloc_r
                0x0000000000022bf0       0xe0 /usr/local/ps3dev/ppu/lib/gcc/powerpc64-ps3-elf/4.7.0/../../../../powerpc64-ps3-elf/lib/libc.a(lib_a-callocr.o)
                0x0000000000022bf0                ._calloc_r
 .text          0x0000000000022cd0        0x0 /usr/local/ps3dev/ppu/lib/gcc/powerpc64-ps3-elf/4.7.0/../../../../powerpc64-ps3-elf/lib/libc.a(lib_a-fclose.o)
 .text._fclose_r
                0x0000000000022cd0      0x20c /usr/local/ps3dev/ppu/lib/gcc/powerpc64-ps3-elf/4.7.0/../../../../powerpc64-ps3-elf/lib/libc.a(lib_a-fclose.o)
                0x0000000000022cd0                ._fclose_r
 *fill*         0x0000000000022edc        0x4 60000000
 .text.fclose   0x0000000000022ee0       0x40 /usr/local/ps3dev/ppu/lib/gcc/powerpc64-ps3-elf/4.7.0/../../../../powerpc64-ps3-elf/lib/libc.a(lib_a-fclose.o)
                0x0000000000022ee0                .fclose
 .text          0x0000000000022f20        0x0 /usr/local/ps3dev/ppu/lib/gcc/powerpc64-ps3-elf/4.7.0/../../../../powerpc64-ps3-elf/lib/libc.a(lib_a-memmove.o)
 .text.memmove  0x0000000000022f20      0x158 /usr/local/ps3dev/ppu/lib/gcc/powerpc64-ps3-elf/4.7.0/../../../../powerpc64-ps3-elf/lib/libc.a(lib_a-memmove.o)
                0x0000000000022f20                .memmove
 .text          0x0000000000023078        0x0 /usr/local/ps3dev/ppu/lib/gcc/powerpc64-ps3-elf/4.7.0/../../../../powerpc64-ps3-elf/lib/libc.a(lib_a-signal.o)
 .text._init_signal_r
                0x0000000000023078       0x90 /usr/local/ps3dev/ppu/lib/gcc/powerpc64-ps3-elf/4.7.0/../../../../powerpc64-ps3-elf/lib/libc.a(lib_a-signal.o)
                0x0000000000023078                ._init_signal_r
 .text._signal_r
                0x0000000000023108       0x9c /usr/local/ps3dev/ppu/lib/gcc/powerpc64-ps3-elf/4.7.0/../../../../powerpc64-ps3-elf/lib/libc.a(lib_a-signal.o)
                0x0000000000023108                ._signal_r
 *fill*         0x00000000000231a4        0x4 60000000
 .text._raise_r
                0x00000000000231a8      0x10c /usr/local/ps3dev/ppu/lib/gcc/powerpc64-ps3-elf/4.7.0/../../../../powerpc64-ps3-elf/lib/libc.a(lib_a-signal.o)
                0x00000000000231a8                ._raise_r
 *fill*         0x00000000000232b4        0x4 60000000
 .text.__sigtramp_r
                0x00000000000232b8       0xd8 /usr/local/ps3dev/ppu/lib/gcc/powerpc64-ps3-elf/4.7.0/../../../../powerpc64-ps3-elf/lib/libc.a(lib_a-signal.o)
                0x00000000000232b8                .__sigtramp_r
 .text.raise    0x0000000000023390       0x40 /usr/local/ps3dev/ppu/lib/gcc/powerpc64-ps3-elf/4.7.0/../../../../powerpc64-ps3-elf/lib/libc.a(lib_a-signal.o)
                0x0000000000023390                .raise
 .text.signal   0x00000000000233d0       0x50 /usr/local/ps3dev/ppu/lib/gcc/powerpc64-ps3-elf/4.7.0/../../../../powerpc64-ps3-elf/lib/libc.a(lib_a-signal.o)
                0x00000000000233d0                .signal
 .text._init_signal
                0x0000000000023420       0x30 /usr/local/ps3dev/ppu/lib/gcc/powerpc64-ps3-elf/4.7.0/../../../../powerpc64-ps3-elf/lib/libc.a(lib_a-signal.o)
                0x0000000000023420                ._init_signal
 .text.__sigtramp
                0x0000000000023450       0x40 /usr/local/ps3dev/ppu/lib/gcc/powerpc64-ps3-elf/4.7.0/../../../../powerpc64-ps3-elf/lib/libc.a(lib_a-signal.o)
                0x0000000000023450                .__sigtramp
 .text          0x0000000000023490        0x0 /usr/local/ps3dev/ppu/lib/gcc/powerpc64-ps3-elf/4.7.0/../../../../powerpc64-ps3-elf/lib/libsysbase.a(close.o)
 .text._close_r
                0x0000000000023490       0x68 /usr/local/ps3dev/ppu/lib/gcc/powerpc64-ps3-elf/4.7.0/../../../../powerpc64-ps3-elf/lib/libsysbase.a(close.o)
                0x0000000000023490                ._close_r
 .text          0x00000000000234f8        0x0 /usr/local/ps3dev/ppu/lib/gcc/powerpc64-ps3-elf/4.7.0/../../../../powerpc64-ps3-elf/lib/libsysbase.a(sbrk.o)
 .text._sbrk_r  0x00000000000234f8       0x68 /usr/local/ps3dev/ppu/lib/gcc/powerpc64-ps3-elf/4.7.0/../../../../powerpc64-ps3-elf/lib/libsysbase.a(sbrk.o)
                0x00000000000234f8                ._sbrk_r
 .text          0x0000000000023560        0x0 /usr/local/ps3dev/ppu/lib/gcc/powerpc64-ps3-elf/4.7.0/../../../../powerpc64-ps3-elf/lib/libsysbase.a(_exit.o)
 .text._exit    0x0000000000023560       0x48 /usr/local/ps3dev/ppu/lib/gcc/powerpc64-ps3-elf/4.7.0/../../../../powerpc64-ps3-elf/lib/libsysbase.a(_exit.o)
                0x0000000000023560                ._exit
 .text          0x00000000000235a8        0x0 /usr/local/ps3dev/ppu/lib/gcc/powerpc64-ps3-elf/4.7.0/../../../../powerpc64-ps3-elf/lib/libsysbase.a(lseek.o)
 .text._lseek_r
                0x00000000000235a8       0x68 /usr/local/ps3dev/ppu/lib/gcc/powerpc64-ps3-elf/4.7.0/../../../../powerpc64-ps3-elf/lib/libsysbase.a(lseek.o)
                0x00000000000235a8                ._lseek_r
 .text          0x0000000000023610        0x0 /usr/local/ps3dev/ppu/lib/gcc/powerpc64-ps3-elf/4.7.0/../../../../powerpc64-ps3-elf/lib/libsysbase.a(read.o)
 .text._read_r  0x0000000000023610       0x68 /usr/local/ps3dev/ppu/lib/gcc/powerpc64-ps3-elf/4.7.0/../../../../powerpc64-ps3-elf/lib/libsysbase.a(read.o)
                0x0000000000023610                ._read_r
 .text          0x0000000000023678        0x0 /usr/local/ps3dev/ppu/lib/gcc/powerpc64-ps3-elf/4.7.0/../../../../powerpc64-ps3-elf/lib/libsysbase.a(write.o)
 .text._write_r
                0x0000000000023678       0x68 /usr/local/ps3dev/ppu/lib/gcc/powerpc64-ps3-elf/4.7.0/../../../../powerpc64-ps3-elf/lib/libsysbase.a(write.o)
                0x0000000000023678                ._write_r
 .text          0x00000000000236e0        0x0 /usr/local/ps3dev/ppu/lib/gcc/powerpc64-ps3-elf/4.7.0/../../../../powerpc64-ps3-elf/lib/libsysbase.a(lock.o)
 .text.sys_lwmutex_create
                0x00000000000236e0       0x90 /usr/local/ps3dev/ppu/lib/gcc/powerpc64-ps3-elf/4.7.0/../../../../powerpc64-ps3-elf/lib/libsysbase.a(lock.o)
                0x00000000000236e0                .sys_lwmutex_create
 .text.sys_lwmutex_destroy
                0x0000000000023770       0x80 /usr/local/ps3dev/ppu/lib/gcc/powerpc64-ps3-elf/4.7.0/../../../../powerpc64-ps3-elf/lib/libsysbase.a(lock.o)
                0x0000000000023770                .sys_lwmutex_destroy
 .text.sys_lwmutex_lock
                0x00000000000237f0       0x90 /usr/local/ps3dev/ppu/lib/gcc/powerpc64-ps3-elf/4.7.0/../../../../powerpc64-ps3-elf/lib/libsysbase.a(lock.o)
                0x00000000000237f0                .sys_lwmutex_lock
 .text.sys_lwmutex_trylock
                0x0000000000023880       0x80 /usr/local/ps3dev/ppu/lib/gcc/powerpc64-ps3-elf/4.7.0/../../../../powerpc64-ps3-elf/lib/libsysbase.a(lock.o)
                0x0000000000023880                .sys_lwmutex_trylock
 .text.sys_lwmutex_unlock
                0x0000000000023900       0x80 /usr/local/ps3dev/ppu/lib/gcc/powerpc64-ps3-elf/4.7.0/../../../../powerpc64-ps3-elf/lib/libsysbase.a(lock.o)
                0x0000000000023900                .sys_lwmutex_unlock
 .text          0x0000000000023980        0x0 /usr/local/ps3dev/ppu/lib/gcc/powerpc64-ps3-elf/4.7.0/../../../../powerpc64-ps3-elf/lib/libsysbase.a(getpid.o)
 .text._getpid_r
                0x0000000000023980       0x68 /usr/local/ps3dev/ppu/lib/gcc/powerpc64-ps3-elf/4.7.0/../../../../powerpc64-ps3-elf/lib/libsysbase.a(getpid.o)
                0x0000000000023980                ._getpid_r
 .text          0x00000000000239e8        0x0 /usr/local/ps3dev/ppu/lib/gcc/powerpc64-ps3-elf/4.7.0/../../../../powerpc64-ps3-elf/lib/libsysbase.a(kill.o)
 .text._kill_r  0x00000000000239e8       0x1c /usr/local/ps3dev/ppu/lib/gcc/powerpc64-ps3-elf/4.7.0/../../../../powerpc64-ps3-elf/lib/libsysbase.a(kill.o)
                0x00000000000239e8                ._kill_r
 .text          0x0000000000023a04        0x0 /usr/local/ps3dev/ppu/lib/gcc/powerpc64-ps3-elf/4.7.0/crtend.o
 *fill*         0x0000000000023a04        0x4 60000000
 .text.__do_global_ctors_aux
                0x0000000000023a08       0x5c /usr/local/ps3dev/ppu/lib/gcc/powerpc64-ps3-elf/4.7.0/crtend.o
 .text          0x0000000000023a64        0x0 /usr/local/ps3dev/ppu/lib/gcc/powerpc64-ps3-elf/4.7.0/../../../../powerpc64-ps3-elf/lib/lv2-crtn.o
 *(.text.*personality*)
 *(.gnu.warning)
 *(.sfpr .glink)
 .sfpr          0x0000000000000000        0x0 linker stubs
 *fill*         0x0000000000023a64        0x0 60000000
 .glink         0x0000000000000000        0x0 linker stubs

.fini           0x0000000000023a64       0x2c
 *(.fini)
 .fini          0x0000000000023a64        0xc /usr/local/ps3dev/ppu/lib/gcc/powerpc64-ps3-elf/4.7.0/../../../../powerpc64-ps3-elf/lib/lv2-crti.o
                0x0000000000023a64                ._fini
 .fini          0x0000000000023a70        0x8 /usr/local/ps3dev/ppu/lib/gcc/powerpc64-ps3-elf/4.7.0/crtbegin.o
 .fini          0x0000000000023a78        0x8 /usr/local/ps3dev/libpsl1ght/ppu/lib/librt.a(sbrk.o)
 .fini          0x0000000000023a80       0x10 /usr/local/ps3dev/ppu/lib/gcc/powerpc64-ps3-elf/4.7.0/../../../../powerpc64-ps3-elf/lib/lv2-crtn.o

.sceStub.text   0x0000000000023a90     0x1dc0
 *(.sceStub.text)
 .sceStub.text  0x0000000000023a90     0x1dc0 /usr/local/ps3dev/libpsl1ght/ppu/lib/liblv2.a(sprx.o)
                0x0000000000023a90                __sysGetSystemTime
                0x0000000000023ad0                __sysGetSystemSwVersion
                0x0000000000023b10                __sysGetTemperature
                0x0000000000023b50                __sysGetRandomNumber
                0x0000000000023b90                __sysGetRtcStatus
                0x0000000000023bd0                __sysBoardStorageRead
                0x0000000000023c10                __sysBoardStorageWrite
                0x0000000000023c50                __sysProcessIsStack
                0x0000000000023c90                .sysProcessExit
                0x0000000000023c90                __sysProcessExit
                0x0000000000023cd0                __sysProcessExitspawn
                0x0000000000023d10                __sysProcessExitSpawn2Ex
                0x0000000000023d50                __sysProcessExitSpawnWithLevel
                0x0000000000023d90                __sysProcessAtExitSpawn
                0x0000000000023dd0                __sysProcess_At_ExitSpawn
                0x0000000000023e10                __sysPrxRegisterLibrary
                0x0000000000023e50                __sysPrxUnregisterLibrary
                0x0000000000023e90                __sysPrxStartModule
                0x0000000000023ed0                __sysPrxStopModule
                0x0000000000023f10                __sysPrxLoadModule
                0x0000000000023f50                __sysPrxLoadModuleByFd
                0x0000000000023f90                __sysPrxLoadModuleList
                0x0000000000023fd0                __sysPrxLoadModuleListOnMemcontainer
                0x0000000000024010                __sysPrxLoadModuleOnMemcontainer
                0x0000000000024050                __sysPrxLoadModuleOnMemcontainerByFd
                0x0000000000024090                __sysPrxGetModuleInfo
                0x00000000000240d0                __sysPrxGetModuleList
                0x0000000000024110                __sysPrxGetModuleId
                0x0000000000024150                __sysPrxGetModuleIdByAddress
                0x0000000000024190                __sysPrxGetModuleIdByName
                0x00000000000241d0                __sysPrxUnloadModule
                0x0000000000024210                __sysPrxExitSpawnWithLevel
                0x0000000000024250                __sysThreadCreateEx
                0x0000000000024290                __sysThreadExit
                0x00000000000242d0                __sysThreadGetId
                0x0000000000024310                __sysThreadOnce
                0x0000000000024350                __sysThreadInitialzeTLS
                0x0000000000024390                __sysThreadRegisterAtexit
                0x00000000000243d0                __sysThreadUnregisterAtexit
                0x0000000000024410                __sysInterruptThreadDisestablish
                0x0000000000024450                __sysLwMutexCreate
                0x0000000000024450                .sysLwMutexCreate
                0x0000000000024490                __sysLwMutexDestroy
                0x0000000000024490                .sysLwMutexDestroy
                0x00000000000244d0                .sysLwMutexLock
                0x00000000000244d0                __sysLwMutexLock
                0x0000000000024510                .sysLwMutexTryLock
                0x0000000000024510                __sysLwMutexTryLock
                0x0000000000024550                __sysLwMutexUnlock
                0x0000000000024550                .sysLwMutexUnlock
                0x0000000000024590                __sysLwCondCreate
                0x00000000000245d0                __sysLwCondWait
                0x0000000000024610                __sysLwCondSignal
                0x0000000000024650                __sysLwCondSignalTo
                0x0000000000024690                __sysLwCondSignalAll
                0x00000000000246d0                __sysLwCondDestroy
                0x0000000000024710                .sysSpinlockInitialize
                0x0000000000024710                __sysSpinlockInitialize
                0x0000000000024750                __sysSpinlockLock
                0x0000000000024750                .sysSpinlockLock
                0x0000000000024790                __sysSpinlockTryLock
                0x00000000000247d0                .sysSpinlockUnlock
                0x00000000000247d0                __sysSpinlockUnlock
                0x0000000000024810                __sysWatchdogClear
                0x0000000000024850                __sysWatchdogStart
                0x0000000000024890                __sysWatchdogStop
                0x00000000000248d0                __sysMalloc
                0x0000000000024910                __sysMemalign
                0x0000000000024950                __sysMemchr
                0x0000000000024990                __sysMemcmp
                0x00000000000249d0                __sysMemcpy
                0x0000000000024a10                __sysMemmove
                0x0000000000024a50                __sysMemset
                0x0000000000024a90                __sysFree
                0x0000000000024ad0                __sysHeapAllocHeapMemory
                0x0000000000024b10                __sysHeapCreateHeap
                0x0000000000024b50                __sysHeapDeleteHeap
                0x0000000000024b90                __sysHeapFree
                0x0000000000024bd0                __sysHeapGetMallInfo
                0x0000000000024c10                __sysHeapGetTotalFreeSize
                0x0000000000024c50                __sysHeapMalloc
                0x0000000000024c90                __sysHeapMemalign
                0x0000000000024cd0                __sysHeapStats
                0x0000000000024d10                __sysQsort
                0x0000000000024d50                __sysMempoolCreate
                0x0000000000024d90                __sysMempoolDestroy
                0x0000000000024dd0                __sysMempoolGetCount
                0x0000000000024e10                __sysMempoolAllocateBlock
                0x0000000000024e50                __sysMempoolTryAllocateBlock
                0x0000000000024e90                __sysMempoolFreeBlock
                0x0000000000024ed0                __sysMMapperFreeMemory
                0x0000000000024ed0                .sysMMapperFreeMemory
                0x0000000000024f10                __sysMMapperMapMemory
                0x0000000000024f50                __sysMMapperUnmapMemory
                0x0000000000024f50                .sysMMapperUnmapMemory
                0x0000000000024f90                __sysMMapperAllocateMemory
                0x0000000000024f90                .sysMMapperAllocateMemory
                0x0000000000024fd0                __sysMMapperAllocateMemoryFromContainer
                0x0000000000025010                __sysStrlen
                0x0000000000025050                __sysStrcpy
                0x0000000000025090                __sysStrncpy
                0x00000000000250d0                __sysStrcat
                0x0000000000025110                __sysStrncat
                0x0000000000025150                __sysStrchr
                0x0000000000025190                __sysStrrchr
                0x00000000000251d0                __sysStrcmp
                0x0000000000025210                __sysStrncmp
                0x0000000000025250                __sysStrncasecmp
                0x0000000000025290                __sysToLower
                0x00000000000252d0                __sysToUpper
                0x0000000000025310                __sysSpuElfGetSegments
                0x0000000000025350                __sysSpuElfGetInformation
                0x0000000000025390                __sysSpuRawLoad
                0x00000000000253d0                __sysSpuRawImageLoad
                0x0000000000025410                __sysSpuImageClose
                0x0000000000025450                __sysSpuImageImport
                0x0000000000025490                __sysSpuPrintfAttachGroup
                0x00000000000254d0                __sysSpuPrintfAttachThread
                0x0000000000025510                __sysSpuPrintfDetachGroup
                0x0000000000025550                __sysSpuPrintfDetach_Tread
                0x0000000000025590                __sysSpuPrintfFinalize
                0x00000000000255d0                __sysSpuPrintfInitialize
                0x0000000000025610                __sysConsoleGetc
                0x0000000000025650                __sysConsolePutc
                0x0000000000025690                __sysConsoleWrite
                0x00000000000256d0                __sysPrintf
                0x0000000000025710                __sysSprintf
                0x0000000000025750                __sysSnprintf
                0x0000000000025790                __sysVprintf
                0x00000000000257d0                __sysVsprintf
                0x0000000000025810                __sysVsnprintf
 *(SORT(.sceStub.text.*))
                0x0000000000025850                PROVIDE (__etext, .)
                0x0000000000025850                PROVIDE (_etext, .)
                0x0000000000025850                PROVIDE (etext, .)

.eh_frame_hdr   0x0000000000025850        0x0
 *(.eh_frame_hdr)
 .eh_frame_hdr  0x0000000000000000        0x0 /usr/local/ps3dev/ppu/lib/gcc/powerpc64-ps3-elf/4.7.0/../../../../powerpc64-ps3-elf/lib/lv2-crtn.o

.eh_frame       0x0000000000025850        0x4
 *(.eh_frame)
 .eh_frame      0x0000000000025850        0x0 linker stubs
 .eh_frame      0x0000000000025850        0x0 /usr/local/ps3dev/ppu/lib/gcc/powerpc64-ps3-elf/4.7.0/crtbegin.o
 .eh_frame      0x0000000000025850        0x4 /usr/local/ps3dev/ppu/lib/gcc/powerpc64-ps3-elf/4.7.0/crtend.o

.gcc_except_table
 *(.gcc_except_table .gcc_except_table.*)

.rodata.sceResident
                0x0000000000025854       0x12
 *(.rodata.sceResident)
 .rodata.sceResident
                0x0000000000025854       0x12 /usr/local/ps3dev/libpsl1ght/ppu/lib/liblv2.a(sprx.o)

.rodata.sceFNID
                0x0000000000025868      0x1dc
 *(.rodata.sceFNID .rodata.sceFNID.*)
 .rodata.sceFNID
                0x0000000000025868      0x1dc /usr/local/ps3dev/libpsl1ght/ppu/lib/liblv2.a(sprx.o)
                0x0000000000025868                sysGetSystemTime_fnid
                0x0000000000025868                sysPrxForUser
                0x000000000002586c                sysGetSystemSwVersion_fnid
                0x0000000000025870                sysGetTemperature_fnid
                0x0000000000025874                sysGetRandomNumber_fnid
                0x0000000000025878                sysGetRtcStatus_fnid
                0x000000000002587c                sysBoardStorageRead_fnid
                0x0000000000025880                sysBoardStorageWrite_fnid
                0x0000000000025884                sysProcessIsStack_fnid
                0x0000000000025888                sysProcessExit_fnid
                0x000000000002588c                sysProcessExitspawn_fnid
                0x0000000000025890                sysProcessExitSpawn2Ex_fnid
                0x0000000000025894                sysProcessExitSpawnWithLevel_fnid
                0x0000000000025898                sysProcessAtExitSpawn_fnid
                0x000000000002589c                sysProcess_At_ExitSpawn_fnid
                0x00000000000258a0                sysPrxRegisterLibrary_fnid
                0x00000000000258a4                sysPrxUnregisterLibrary_fnid
                0x00000000000258a8                sysPrxStartModule_fnid
                0x00000000000258ac                sysPrxStopModule_fnid
                0x00000000000258b0                sysPrxLoadModule_fnid
                0x00000000000258b4                sysPrxLoadModuleByFd_fnid
                0x00000000000258b8                sysPrxLoadModuleList_fnid
                0x00000000000258bc                sysPrxLoadModuleListOnMemcontainer_fnid
                0x00000000000258c0                sysPrxLoadModuleOnMemcontainer_fnid
                0x00000000000258c4                sysPrxLoadModuleOnMemcontainerByFd_fnid
                0x00000000000258c8                sysPrxGetModuleInfo_fnid
                0x00000000000258cc                sysPrxGetModuleList_fnid
                0x00000000000258d0                sysPrxGetModuleId_fnid
                0x00000000000258d4                sysPrxGetModuleIdByAddress_fnid
                0x00000000000258d8                sysPrxGetModuleIdByName_fnid
                0x00000000000258dc                sysPrxUnloadModule_fnid
                0x00000000000258e0                sysPrxExitSpawnWithLevel_fnid
                0x00000000000258e4                sysThreadCreateEx_fnid
                0x00000000000258e8                sysThreadExit_fnid
                0x00000000000258ec                sysThreadGetId_fnid
                0x00000000000258f0                sysThreadOnce_fnid
                0x00000000000258f4                sysThreadInitialzeTLS_fnid
                0x00000000000258f8                sysThreadRegisterAtexit_fnid
                0x00000000000258fc                sysThreadUnregisterAtexit_fnid
                0x0000000000025900                sysInterruptThreadDisestablish_fnid
                0x0000000000025904                sysLwMutexCreate_fnid
                0x0000000000025908                sysLwMutexDestroy_fnid
                0x000000000002590c                sysLwMutexLock_fnid
                0x0000000000025910                sysLwMutexTryLock_fnid
                0x0000000000025914                sysLwMutexUnlock_fnid
                0x0000000000025918                sysLwCondCreate_fnid
                0x000000000002591c                sysLwCondWait_fnid
                0x0000000000025920                sysLwCondSignal_fnid
                0x0000000000025924                sysLwCondSignalTo_fnid
                0x0000000000025928                sysLwCondSignalAll_fnid
                0x000000000002592c                sysLwCondDestroy_fnid
                0x0000000000025930                sysSpinlockInitialize_fnid
                0x0000000000025934                sysSpinlockLock_fnid
                0x0000000000025938                sysSpinlockTryLock_fnid
                0x000000000002593c                sysSpinlockUnlock_fnid
                0x0000000000025940                sysWatchdogClear_fnid
                0x0000000000025944                sysWatchdogStart_fnid
                0x0000000000025948                sysWatchdogStop_fnid
                0x000000000002594c                sysMalloc_fnid
                0x0000000000025950                sysMemalign_fnid
                0x0000000000025954                sysMemchr_fnid
                0x0000000000025958                sysMemcmp_fnid
                0x000000000002595c                sysMemcpy_fnid
                0x0000000000025960                sysMemmove_fnid
                0x0000000000025964                sysMemset_fnid
                0x0000000000025968                sysFree_fnid
                0x000000000002596c                sysHeapAllocHeapMemory_fnid
                0x0000000000025970                sysHeapCreateHeap_fnid
                0x0000000000025974                sysHeapDeleteHeap_fnid
                0x0000000000025978                sysHeapFree_fnid
                0x000000000002597c                sysHeapGetMallInfo_fnid
                0x0000000000025980                sysHeapGetTotalFreeSize_fnid
                0x0000000000025984                sysHeapMalloc_fnid
                0x0000000000025988                sysHeapMemalign_fnid
                0x000000000002598c                sysHeapStats_fnid
                0x0000000000025990                sysQsort_fnid
                0x0000000000025994                sysMempoolCreate_fnid
                0x0000000000025998                sysMempoolDestroy_fnid
                0x000000000002599c                sysMempoolGetCount_fnid
                0x00000000000259a0                sysMempoolAllocateBlock_fnid
                0x00000000000259a4                sysMempoolTryAllocateBlock_fnid
                0x00000000000259a8                sysMempoolFreeBlock_fnid
                0x00000000000259ac                sysMMapperFreeMemory_fnid
                0x00000000000259b0                sysMMapperMapMemory_fnid
                0x00000000000259b4                sysMMapperUnmapMemory_fnid
                0x00000000000259b8                sysMMapperAllocateMemory_fnid
                0x00000000000259bc                sysMMapperAllocateMemoryFromContainer_fnid
                0x00000000000259c0                sysStrlen_fnid
                0x00000000000259c4                sysStrcpy_fnid
                0x00000000000259c8                sysStrncpy_fnid
                0x00000000000259cc                sysStrcat_fnid
                0x00000000000259d0                sysStrncat_fnid
                0x00000000000259d4                sysStrchr_fnid
                0x00000000000259d8                sysStrrchr_fnid
                0x00000000000259dc                sysStrcmp_fnid
                0x00000000000259e0                sysStrncmp_fnid
                0x00000000000259e4                sysStrncasecmp_fnid
                0x00000000000259e8                sysToLower_fnid
                0x00000000000259ec                sysToUpper_fnid
                0x00000000000259f0                sysSpuElfGetSegments_fnid
                0x00000000000259f4                sysSpuElfGetInformation_fnid
                0x00000000000259f8                sysSpuRawLoad_fnid
                0x00000000000259fc                sysSpuRawImageLoad_fnid
                0x0000000000025a00                sysSpuImageClose_fnid
                0x0000000000025a04                sysSpuImageImport_fnid
                0x0000000000025a08                sysSpuPrintfAttachGroup_fnid
                0x0000000000025a0c                sysSpuPrintfAttachThread_fnid
                0x0000000000025a10                sysSpuPrintfDetachGroup_fnid
                0x0000000000025a14                sysSpuPrintfDetach_Tread_fnid
                0x0000000000025a18                sysSpuPrintfFinalize_fnid
                0x0000000000025a1c                sysSpuPrintfInitialize_fnid
                0x0000000000025a20                sysConsoleGetc_fnid
                0x0000000000025a24                sysConsolePutc_fnid
                0x0000000000025a28                sysConsoleWrite_fnid
                0x0000000000025a2c                sysPrintf_fnid
                0x0000000000025a30                sysSprintf_fnid
                0x0000000000025a34                sysSnprintf_fnid
                0x0000000000025a38                sysVprintf_fnid
                0x0000000000025a3c                sysVsprintf_fnid
                0x0000000000025a40                sysVsnprintf_fnid

.rodata.sceVNID
 *(.rodata.sceVNID .rodata.sceVNID.*)

.rodata.sceTNID
 *(.rodata.sceTNID .rodata.sceTNID.*)

.rodata.sceVStub
 *(.rodata.sceVStub)
 *(SORT(.rodata.sceVStub.*))
                0x0000000000025a44                PROVIDE (__libentstart, .)

.lib.ent.top
 *(.lib.ent.top)

.lib.ent        0x0000000000025a44        0x0
 *(.lib.ent)
 .lib.ent       0x0000000000025a44        0x0 /usr/local/ps3dev/ppu/lib/gcc/powerpc64-ps3-elf/4.7.0/../../../../powerpc64-ps3-elf/lib/lv2-sprx.o

.lib.ent.btm
 *(.lib.ent.btm)
                0x0000000000025a44                PROVIDE (__libentend, .)
                0x0000000000025a44                PROVIDE (__libstubstart, .)

.lib.stub.top
 *(.lib.stub.top)

.lib.stub       0x0000000000025a44       0x2c
 *(.lib.stub)
 .lib.stub      0x0000000000025a44        0x0 /usr/local/ps3dev/ppu/lib/gcc/powerpc64-ps3-elf/4.7.0/../../../../powerpc64-ps3-elf/lib/lv2-sprx.o
 .lib.stub      0x0000000000025a44       0x2c /usr/local/ps3dev/libpsl1ght/ppu/lib/liblv2.a(sprx.o)

.lib.stub.btm
 *(.lib.stub.btm)
                0x0000000000025a70                PROVIDE (__libstubend, .)

.ppu_rodata
 *(.ppu_rodata .ppu_rodata.*)

.sys_proc_param
 *(.sys_proc_param)

.sys_proc_prx_param
                0x0000000000025a70       0x28
 *(.sys_proc_prx_param)
 .sys_proc_prx_param
                0x0000000000025a70       0x28 /usr/local/ps3dev/ppu/lib/gcc/powerpc64-ps3-elf/4.7.0/../../../../powerpc64-ps3-elf/lib/lv2-sprx.o
                0x0000000000030000                . = ALIGN (0x10000)

.ppu_data
 *(.ppu_data .ppu_data.*)

.sdata2
 *(.sdata2 .sdata2.* .gnu.linkonce.s2.*)

.sbss2
 *(.sbss2 .sbss2.* .gnu.linkonce.sb2.*)

.eh_frame
 *(.eh_frame)

.gcc_except_table
 *(.gcc_except_table .gcc_except_table.*)
                0x0000000000030000                . = ALIGN (0x8)

.preinit_array  0x0000000000030000        0x0
                0x0000000000030000                PROVIDE (__preinit_array_start, .)
 *(.preinit_array)
                0x0000000000030000                PROVIDE (__preinit_array_end, .)

.init_array     0x0000000000030000        0x0
                0x0000000000030000                PROVIDE (__init_array_start, .)
 *(SORT(.init_array.*))
 *(.init_array)
                0x0000000000030000                PROVIDE (__init_array_end, .)

.fini_array     0x0000000000030000        0x0
                0x0000000000030000                PROVIDE (__fini_array_start, .)
 *(.fini_array)
 *(SORT(.fini_array.*))
                0x0000000000030000                PROVIDE (__fini_array_end, .)

.ctors          0x0000000000030000       0x28
 *crtbegin.o(.ctors)
 .ctors         0x0000000000030000        0x8 /usr/local/ps3dev/ppu/lib/gcc/powerpc64-ps3-elf/4.7.0/crtbegin.o
 *crtbegin?.o(.ctors)
 *(EXCLUDE_FILE(*crtend?.o *crtend.o) .ctors)
 *(SORT(.ctors.*))
 .ctors.65430   0x0000000000030008        0x8 /usr/local/ps3dev/ppu/lib/gcc/powerpc64-ps3-elf/4.7.0/../../../../powerpc64-ps3-elf/lib/libc.a(lib_a-lock_internal.o)
 .ctors.65431   0x0000000000030010        0x8 /usr/local/ps3dev/ppu/lib/gcc/powerpc64-ps3-elf/4.7.0/../../../../powerpc64-ps3-elf/lib/lv2-crt0.o
 .ctors.65432   0x0000000000030018        0x8 /usr/local/ps3dev/libpsl1ght/ppu/lib/librt.a(sbrk.o)
 *(.ctors)
 .ctors         0x0000000000030020        0x8 /usr/local/ps3dev/ppu/lib/gcc/powerpc64-ps3-elf/4.7.0/crtend.o

.dtors          0x0000000000030028       0x10
 *crtbegin.o(.dtors)
 .dtors         0x0000000000030028        0x8 /usr/local/ps3dev/ppu/lib/gcc/powerpc64-ps3-elf/4.7.0/crtbegin.o
 *crtbegin?.o(.dtors)
 *(EXCLUDE_FILE(*crtend?.o *crtend.o) .dtors)
 *(SORT(.dtors.*))
 *(.dtors)
 .dtors         0x0000000000030030        0x8 /usr/local/ps3dev/ppu/lib/gcc/powerpc64-ps3-elf/4.7.0/crtend.o
                0x0000000000030030                __DTOR_END__

.jcr            0x0000000000030038        0x8
 *(.jcr)
 .jcr           0x0000000000030038        0x0 /usr/local/ps3dev/ppu/lib/gcc/powerpc64-ps3-elf/4.7.0/crtbegin.o
 .jcr           0x0000000000030038        0x8 /usr/local/ps3dev/ppu/lib/gcc/powerpc64-ps3-elf/4.7.0/crtend.o

.data.rel.ro
 *(.data.rel.ro.local*)
 *(.data.rel.ro*)

.dynamic
 *(.dynamic)

.data.sceFStub  0x0000000000030040      0x1dc
 *(.data.sceFStub)
 *(SORT(.data.sceFStub.*))
 .data.sceFStub.sysPrxForUser
                0x0000000000030040      0x1dc /usr/local/ps3dev/libpsl1ght/ppu/lib/liblv2.a(sprx.o)
                0x0000000000030040                sysGetSystemTime_stub
                0x0000000000030044                sysGetSystemSwVersion_stub
                0x0000000000030048                sysGetTemperature_stub
                0x000000000003004c                sysGetRandomNumber_stub
                0x0000000000030050                sysGetRtcStatus_stub
                0x0000000000030054                sysBoardStorageRead_stub
                0x0000000000030058                sysBoardStorageWrite_stub
                0x000000000003005c                sysProcessIsStack_stub
                0x0000000000030060                sysProcessExit_stub
                0x0000000000030064                sysProcessExitspawn_stub
                0x0000000000030068                sysProcessExitSpawn2Ex_stub
                0x000000000003006c                sysProcessExitSpawnWithLevel_stub
                0x0000000000030070                sysProcessAtExitSpawn_stub
                0x0000000000030074                sysProcess_At_ExitSpawn_stub
                0x0000000000030078                sysPrxRegisterLibrary_stub
                0x000000000003007c                sysPrxUnregisterLibrary_stub
                0x0000000000030080                sysPrxStartModule_stub
                0x0000000000030084                sysPrxStopModule_stub
                0x0000000000030088                sysPrxLoadModule_stub
                0x000000000003008c                sysPrxLoadModuleByFd_stub
                0x0000000000030090                sysPrxLoadModuleList_stub
                0x0000000000030094                sysPrxLoadModuleListOnMemcontainer_stub
                0x0000000000030098                sysPrxLoadModuleOnMemcontainer_stub
                0x000000000003009c                sysPrxLoadModuleOnMemcontainerByFd_stub
                0x00000000000300a0                sysPrxGetModuleInfo_stub
                0x00000000000300a4                sysPrxGetModuleList_stub
                0x00000000000300a8                sysPrxGetModuleId_stub
                0x00000000000300ac                sysPrxGetModuleIdByAddress_stub
                0x00000000000300b0                sysPrxGetModuleIdByName_stub
                0x00000000000300b4                sysPrxUnloadModule_stub
                0x00000000000300b8                sysPrxExitSpawnWithLevel_stub
                0x00000000000300bc                sysThreadCreateEx_stub
                0x00000000000300c0                sysThreadExit_stub
                0x00000000000300c4                sysThreadGetId_stub
                0x00000000000300c8                sysThreadOnce_stub
                0x00000000000300cc                sysThreadInitialzeTLS_stub
                0x00000000000300d0                sysThreadRegisterAtexit_stub
                0x00000000000300d4                sysThreadUnregisterAtexit_stub
                0x00000000000300d8                sysInterruptThreadDisestablish_stub
                0x00000000000300dc                sysLwMutexCreate_stub
                0x00000000000300e0                sysLwMutexDestroy_stub
                0x00000000000300e4                sysLwMutexLock_stub
                0x00000000000300e8                sysLwMutexTryLock_stub
                0x00000000000300ec                sysLwMutexUnlock_stub
                0x00000000000300f0                sysLwCondCreate_stub
                0x00000000000300f4                sysLwCondWait_stub
                0x00000000000300f8                sysLwCondSignal_stub
                0x00000000000300fc                sysLwCondSignalTo_stub
                0x0000000000030100                sysLwCondSignalAll_stub
                0x0000000000030104                sysLwCondDestroy_stub
                0x0000000000030108                sysSpinlockInitialize_stub
                0x000000000003010c                sysSpinlockLock_stub
                0x0000000000030110                sysSpinlockTryLock_stub
                0x0000000000030114                sysSpinlockUnlock_stub
                0x0000000000030118                sysWatchdogClear_stub
                0x000000000003011c                sysWatchdogStart_stub
                0x0000000000030120                sysWatchdogStop_stub
                0x0000000000030124                sysMalloc_stub
                0x0000000000030128                sysMemalign_stub
                0x000000000003012c                sysMemchr_stub
                0x0000000000030130                sysMemcmp_stub
                0x0000000000030134                sysMemcpy_stub
                0x0000000000030138                sysMemmove_stub
                0x000000000003013c                sysMemset_stub
                0x0000000000030140                sysFree_stub
                0x0000000000030144                sysHeapAllocHeapMemory_stub
                0x0000000000030148                sysHeapCreateHeap_stub
                0x000000000003014c                sysHeapDeleteHeap_stub
                0x0000000000030150                sysHeapFree_stub